running develop
Removing /home/gowtham/crazyflie_ws/install/swarm_guidance/lib/python3.10/site-packages/swarm-guidance.egg-link (link to .)
running egg_info
writing ../../build/swarm_guidance/swarm_guidance.egg-info/PKG-INFO
writing dependency_links to ../../build/swarm_guidance/swarm_guidance.egg-info/dependency_links.txt
writing entry points to ../../build/swarm_guidance/swarm_guidance.egg-info/entry_points.txt
writing requirements to ../../build/swarm_guidance/swarm_guidance.egg-info/requires.txt
writing top-level names to ../../build/swarm_guidance/swarm_guidance.egg-info/top_level.txt
reading manifest file '../../build/swarm_guidance/swarm_guidance.egg-info/SOURCES.txt'
writing manifest file '../../build/swarm_guidance/swarm_guidance.egg-info/SOURCES.txt'
running build
running build_py
copying swarm_guidance/guidance_node.py -> /home/gowtham/crazyflie_ws/build/swarm_guidance/build/lib/swarm_guidance
running install
running install_lib
creating /home/gowtham/crazyflie_ws/install/swarm_guidance/lib/python3.10/site-packages/swarm_guidance
copying /home/gowtham/crazyflie_ws/build/swarm_guidance/build/lib/swarm_guidance/__init__.py -> /home/gowtham/crazyflie_ws/install/swarm_guidance/lib/python3.10/site-packages/swarm_guidance
copying /home/gowtham/crazyflie_ws/build/swarm_guidance/build/lib/swarm_guidance/guidance_node.py -> /home/gowtham/crazyflie_ws/install/swarm_guidance/lib/python3.10/site-packages/swarm_guidance
byte-compiling /home/gowtham/crazyflie_ws/install/swarm_guidance/lib/python3.10/site-packages/swarm_guidance/__init__.py to __init__.cpython-310.pyc
byte-compiling /home/gowtham/crazyflie_ws/install/swarm_guidance/lib/python3.10/site-packages/swarm_guidance/guidance_node.py to guidance_node.cpython-310.pyc
running install_data
copying resource/swarm_guidance -> /home/gowtham/crazyflie_ws/install/swarm_guidance/share/ament_index/resource_index/packages
copying package.xml -> /home/gowtham/crazyflie_ws/install/swarm_guidance/share/swarm_guidance
running install_egg_info
Copying ../../build/swarm_guidance/swarm_guidance.egg-info to /home/gowtham/crazyflie_ws/install/swarm_guidance/lib/python3.10/site-packages/swarm_guidance-0.0.0-py3.10.egg-info
running install_scripts
Installing guidance_node script to /home/gowtham/crazyflie_ws/install/swarm_guidance/lib/swarm_guidance
writing list of installed files to '/home/gowtham/crazyflie_ws/build/swarm_guidance/install.log'
