[2.438s] Invoking command in '/home/gowtham/crazyflie_ws/src/swarm_guidance': PYTHONPATH=/home/gowtham/crazyflie_ws/build/swarm_guidance/prefix_override:/usr/lib/python3/dist-packages/colcon_core/task/python/colcon_distutils_commands:/home/gowtham/crazyflie_ws/install/swarm_guidance/lib/python3.10/site-packages:${PYTHONPATH} /usr/bin/python3 -W ignore:setup.py install is deprecated -W ignore:easy_install command is deprecated setup.py egg_info --egg-base ../../build/swarm_guidance build --build-base /home/gowtham/crazyflie_ws/build/swarm_guidance/build install --record /home/gowtham/crazyflie_ws/build/swarm_guidance/install.log --single-version-externally-managed install_data
[2.962s] running egg_info
[2.964s] writing ../../build/swarm_guidance/swarm_guidance.egg-info/PKG-INFO
[2.965s] writing dependency_links to ../../build/swarm_guidance/swarm_guidance.egg-info/dependency_links.txt
[2.966s] writing entry points to ../../build/swarm_guidance/swarm_guidance.egg-info/entry_points.txt
[2.966s] writing requirements to ../../build/swarm_guidance/swarm_guidance.egg-info/requires.txt
[2.967s] writing top-level names to ../../build/swarm_guidance/swarm_guidance.egg-info/top_level.txt
[2.972s] reading manifest file '../../build/swarm_guidance/swarm_guidance.egg-info/SOURCES.txt'
[2.973s] writing manifest file '../../build/swarm_guidance/swarm_guidance.egg-info/SOURCES.txt'
[2.973s] running build
[2.974s] running build_py
[2.974s] running install
[2.975s] running install_lib
[2.980s] running install_data
[2.980s] running install_egg_info
[2.983s] removing '/home/gowtham/crazyflie_ws/install/swarm_guidance/lib/python3.10/site-packages/swarm_guidance-0.0.0-py3.10.egg-info' (and everything under it)
[2.984s] Copying ../../build/swarm_guidance/swarm_guidance.egg-info to /home/gowtham/crazyflie_ws/install/swarm_guidance/lib/python3.10/site-packages/swarm_guidance-0.0.0-py3.10.egg-info
[2.989s] running install_scripts
[3.029s] Installing guidance_node script to /home/gowtham/crazyflie_ws/install/swarm_guidance/lib/swarm_guidance
[3.030s] writing list of installed files to '/home/gowtham/crazyflie_ws/build/swarm_guidance/install.log'
[3.096s] Invoked command in '/home/gowtham/crazyflie_ws/src/swarm_guidance' returned '0': PYTHONPATH=/home/gowtham/crazyflie_ws/build/swarm_guidance/prefix_override:/usr/lib/python3/dist-packages/colcon_core/task/python/colcon_distutils_commands:/home/gowtham/crazyflie_ws/install/swarm_guidance/lib/python3.10/site-packages:${PYTHONPATH} /usr/bin/python3 -W ignore:setup.py install is deprecated -W ignore:easy_install command is deprecated setup.py egg_info --egg-base ../../build/swarm_guidance build --build-base /home/gowtham/crazyflie_ws/build/swarm_guidance/build install --record /home/gowtham/crazyflie_ws/build/swarm_guidance/install.log --single-version-externally-managed install_data
