[2.408s] Invoking command in '/home/gowtham/crazyflie_ws/src/swarm_navigation': AMENT_PREFIX_PATH=/home/gowtham/crazyflie_ws/install/crazyflie_interfaces:${AMENT_PREFIX_PATH} CMAKE_PREFIX_PATH=/home/gowtham/crazyflie_ws/install/crazyflie_interfaces:${CMAKE_PREFIX_PATH} LD_LIBRARY_PATH=/home/gowtham/crazyflie_ws/install/crazyflie_interfaces/lib:${LD_LIBRARY_PATH} PYTHONPATH=/home/gowtham/crazyflie_ws/build/swarm_navigation/prefix_override:/usr/lib/python3/dist-packages/colcon_core/task/python/colcon_distutils_commands:/home/gowtham/crazyflie_ws/install/swarm_navigation/lib/python3.10/site-packages:/home/gowtham/crazyflie_ws/install/crazyflie_interfaces/local/lib/python3.10/dist-packages:${PYTHONPATH} /usr/bin/python3 -W ignore:setup.py install is deprecated -W ignore:easy_install command is deprecated setup.py egg_info --egg-base ../../build/swarm_navigation build --build-base /home/gowtham/crazyflie_ws/build/swarm_navigation/build install --record /home/gowtham/crazyflie_ws/build/swarm_navigation/install.log --single-version-externally-managed install_data
[3.093s] running egg_info
[3.096s] writing ../../build/swarm_navigation/swarm_navigation.egg-info/PKG-INFO
[3.097s] writing dependency_links to ../../build/swarm_navigation/swarm_navigation.egg-info/dependency_links.txt
[3.097s] writing entry points to ../../build/swarm_navigation/swarm_navigation.egg-info/entry_points.txt
[3.097s] writing requirements to ../../build/swarm_navigation/swarm_navigation.egg-info/requires.txt
[3.097s] writing top-level names to ../../build/swarm_navigation/swarm_navigation.egg-info/top_level.txt
[3.101s] reading manifest file '../../build/swarm_navigation/swarm_navigation.egg-info/SOURCES.txt'
[3.101s] writing manifest file '../../build/swarm_navigation/swarm_navigation.egg-info/SOURCES.txt'
[3.106s] running build
[3.106s] running build_py
[3.107s] running install
[3.107s] running install_lib
[3.108s] running install_data
[3.108s] running install_egg_info
[3.112s] removing '/home/gowtham/crazyflie_ws/install/swarm_navigation/lib/python3.10/site-packages/swarm_navigation-0.0.0-py3.10.egg-info' (and everything under it)
[3.113s] Copying ../../build/swarm_navigation/swarm_navigation.egg-info to /home/gowtham/crazyflie_ws/install/swarm_navigation/lib/python3.10/site-packages/swarm_navigation-0.0.0-py3.10.egg-info
[3.118s] running install_scripts
[3.179s] Installing navigation_node script to /home/gowtham/crazyflie_ws/install/swarm_navigation/lib/swarm_navigation
[3.180s] writing list of installed files to '/home/gowtham/crazyflie_ws/build/swarm_navigation/install.log'
[3.263s] Invoked command in '/home/gowtham/crazyflie_ws/src/swarm_navigation' returned '0': AMENT_PREFIX_PATH=/home/gowtham/crazyflie_ws/install/crazyflie_interfaces:${AMENT_PREFIX_PATH} CMAKE_PREFIX_PATH=/home/gowtham/crazyflie_ws/install/crazyflie_interfaces:${CMAKE_PREFIX_PATH} LD_LIBRARY_PATH=/home/gowtham/crazyflie_ws/install/crazyflie_interfaces/lib:${LD_LIBRARY_PATH} PYTHONPATH=/home/gowtham/crazyflie_ws/build/swarm_navigation/prefix_override:/usr/lib/python3/dist-packages/colcon_core/task/python/colcon_distutils_commands:/home/gowtham/crazyflie_ws/install/swarm_navigation/lib/python3.10/site-packages:/home/gowtham/crazyflie_ws/install/crazyflie_interfaces/local/lib/python3.10/dist-packages:${PYTHONPATH} /usr/bin/python3 -W ignore:setup.py install is deprecated -W ignore:easy_install command is deprecated setup.py egg_info --egg-base ../../build/swarm_navigation build --build-base /home/gowtham/crazyflie_ws/build/swarm_navigation/build install --record /home/gowtham/crazyflie_ws/build/swarm_navigation/install.log --single-version-externally-managed install_data
