[2.128s] Invoking command in '/home/gowtham/crazyflie_ws/build/swarm_guidance': PYTHONPATH=/home/gowtham/crazyflie_ws/build/swarm_guidance/prefix_override:/usr/lib/python3/dist-packages/colcon_core/task/python/colcon_distutils_commands:/home/gowtham/crazyflie_ws/install/swarm_guidance/lib/python3.10/site-packages:${PYTHONPATH} /usr/bin/python3 -W ignore:setup.py install is deprecated -W ignore:easy_install command is deprecated setup.py develop --uninstall --editable --build-directory /home/gowtham/crazyflie_ws/build/swarm_guidance/build
[2.774s] running develop
[3.234s] Removing /home/gowtham/crazyflie_ws/install/swarm_guidance/lib/python3.10/site-packages/swarm-guidance.egg-link (link to .)
[3.313s] Invoked command in '/home/gowtham/crazyflie_ws/build/swarm_guidance' returned '0': PYTHONPATH=/home/gowtham/crazyflie_ws/build/swarm_guidance/prefix_override:/usr/lib/python3/dist-packages/colcon_core/task/python/colcon_distutils_commands:/home/gowtham/crazyflie_ws/install/swarm_guidance/lib/python3.10/site-packages:${PYTHONPATH} /usr/bin/python3 -W ignore:setup.py install is deprecated -W ignore:easy_install command is deprecated setup.py develop --uninstall --editable --build-directory /home/gowtham/crazyflie_ws/build/swarm_guidance/build
[3.316s] Invoking command in '/home/gowtham/crazyflie_ws/src/swarm_guidance': PYTHONPATH=/home/gowtham/crazyflie_ws/build/swarm_guidance/prefix_override:/usr/lib/python3/dist-packages/colcon_core/task/python/colcon_distutils_commands:/home/gowtham/crazyflie_ws/install/swarm_guidance/lib/python3.10/site-packages:${PYTHONPATH} /usr/bin/python3 -W ignore:setup.py install is deprecated -W ignore:easy_install command is deprecated setup.py egg_info --egg-base ../../build/swarm_guidance build --build-base /home/gowtham/crazyflie_ws/build/swarm_guidance/build install --record /home/gowtham/crazyflie_ws/build/swarm_guidance/install.log --single-version-externally-managed install_data --force
[4.126s] running egg_info
[4.131s] writing ../../build/swarm_guidance/swarm_guidance.egg-info/PKG-INFO
[4.131s] writing dependency_links to ../../build/swarm_guidance/swarm_guidance.egg-info/dependency_links.txt
[4.132s] writing entry points to ../../build/swarm_guidance/swarm_guidance.egg-info/entry_points.txt
[4.132s] writing requirements to ../../build/swarm_guidance/swarm_guidance.egg-info/requires.txt
[4.133s] writing top-level names to ../../build/swarm_guidance/swarm_guidance.egg-info/top_level.txt
[4.137s] reading manifest file '../../build/swarm_guidance/swarm_guidance.egg-info/SOURCES.txt'
[4.139s] writing manifest file '../../build/swarm_guidance/swarm_guidance.egg-info/SOURCES.txt'
[4.139s] running build
[4.139s] running build_py
[4.140s] creating /home/gowtham/crazyflie_ws/build/swarm_guidance/build
[4.140s] creating /home/gowtham/crazyflie_ws/build/swarm_guidance/build/lib
[4.140s] creating /home/gowtham/crazyflie_ws/build/swarm_guidance/build/lib/swarm_guidance
[4.141s] copying swarm_guidance/__init__.py -> /home/gowtham/crazyflie_ws/build/swarm_guidance/build/lib/swarm_guidance
[4.141s] copying swarm_guidance/guidance_node.py -> /home/gowtham/crazyflie_ws/build/swarm_guidance/build/lib/swarm_guidance
[4.142s] running install
[4.143s] running install_lib
[4.144s] creating /home/gowtham/crazyflie_ws/install/swarm_guidance/lib/python3.10/site-packages/swarm_guidance
[4.146s] copying /home/gowtham/crazyflie_ws/build/swarm_guidance/build/lib/swarm_guidance/__init__.py -> /home/gowtham/crazyflie_ws/install/swarm_guidance/lib/python3.10/site-packages/swarm_guidance
[4.146s] copying /home/gowtham/crazyflie_ws/build/swarm_guidance/build/lib/swarm_guidance/guidance_node.py -> /home/gowtham/crazyflie_ws/install/swarm_guidance/lib/python3.10/site-packages/swarm_guidance
[4.149s] byte-compiling /home/gowtham/crazyflie_ws/install/swarm_guidance/lib/python3.10/site-packages/swarm_guidance/__init__.py to __init__.cpython-310.pyc
[4.150s] byte-compiling /home/gowtham/crazyflie_ws/install/swarm_guidance/lib/python3.10/site-packages/swarm_guidance/guidance_node.py to guidance_node.cpython-310.pyc
[4.153s] running install_data
[4.154s] copying resource/swarm_guidance -> /home/gowtham/crazyflie_ws/install/swarm_guidance/share/ament_index/resource_index/packages
[4.154s] copying package.xml -> /home/gowtham/crazyflie_ws/install/swarm_guidance/share/swarm_guidance
[4.154s] running install_egg_info
[4.158s] Copying ../../build/swarm_guidance/swarm_guidance.egg-info to /home/gowtham/crazyflie_ws/install/swarm_guidance/lib/python3.10/site-packages/swarm_guidance-0.0.0-py3.10.egg-info
[4.159s] running install_scripts
[4.226s] Installing guidance_node script to /home/gowtham/crazyflie_ws/install/swarm_guidance/lib/swarm_guidance
[4.226s] writing list of installed files to '/home/gowtham/crazyflie_ws/build/swarm_guidance/install.log'
[4.305s] Invoked command in '/home/gowtham/crazyflie_ws/src/swarm_guidance' returned '0': PYTHONPATH=/home/gowtham/crazyflie_ws/build/swarm_guidance/prefix_override:/usr/lib/python3/dist-packages/colcon_core/task/python/colcon_distutils_commands:/home/gowtham/crazyflie_ws/install/swarm_guidance/lib/python3.10/site-packages:${PYTHONPATH} /usr/bin/python3 -W ignore:setup.py install is deprecated -W ignore:easy_install command is deprecated setup.py egg_info --egg-base ../../build/swarm_guidance build --build-base /home/gowtham/crazyflie_ws/build/swarm_guidance/build install --record /home/gowtham/crazyflie_ws/build/swarm_guidance/install.log --single-version-externally-managed install_data --force
