[0.000000] (-) TimerEvent: {}
[0.000620] (-) JobUnselected: {'identifier': 'crazyflie'}
[0.001703] (-) JobUnselected: {'identifier': 'crazyflie_examples'}
[0.001877] (-) JobUnselected: {'identifier': 'crazyflie_interfaces'}
[0.001975] (-) JobUnselected: {'identifier': 'crazyflie_py'}
[0.002063] (-) JobUnselected: {'identifier': 'crazyflie_sim'}
[0.002144] (swarm_guidance) JobQueued: {'identifier': 'swarm_guidance', 'dependencies': OrderedDict()}
[0.002783] (central_swarm_control) JobQueued: {'identifier': 'central_swarm_control', 'dependencies': OrderedDict([('crazyflie_interfaces', '/home/gowtham/crazyflie_ws/install/crazyflie_interfaces')])}
[0.003004] (swarm_navigation) JobQueued: {'identifier': 'swarm_navigation', 'dependencies': OrderedDict([('crazyflie_interfaces', '/home/gowtham/crazyflie_ws/install/crazyflie_interfaces')])}
[0.003044] (swarm_guidance) JobStarted: {'identifier': 'swarm_guidance'}
[0.016189] (central_swarm_control) JobStarted: {'identifier': 'central_swarm_control'}
[0.028199] (swarm_navigation) JobStarted: {'identifier': 'swarm_navigation'}
[0.099409] (-) TimerEvent: {}
[0.199766] (-) TimerEvent: {}
[0.300089] (-) TimerEvent: {}
[0.400470] (-) TimerEvent: {}
[0.501285] (-) TimerEvent: {}
[0.602174] (-) TimerEvent: {}
[0.703012] (-) TimerEvent: {}
[0.803753] (-) TimerEvent: {}
[0.904725] (-) TimerEvent: {}
[1.005151] (-) TimerEvent: {}
[1.105527] (-) TimerEvent: {}
[1.205884] (-) TimerEvent: {}
[1.306236] (-) TimerEvent: {}
[1.409321] (-) TimerEvent: {}
[1.509685] (-) TimerEvent: {}
[1.611909] (-) TimerEvent: {}
[1.713444] (-) TimerEvent: {}
[1.813811] (-) TimerEvent: {}
[1.915420] (-) TimerEvent: {}
[2.015975] (-) TimerEvent: {}
[2.119412] (-) TimerEvent: {}
[2.219816] (-) TimerEvent: {}
[2.271933] (swarm_guidance) Command: {'cmd': ['/usr/bin/python3', '-W', 'ignore:setup.py install is deprecated', '-W', 'ignore:easy_install command is deprecated', 'setup.py', 'egg_info', '--egg-base', '../../build/swarm_guidance', 'build', '--build-base', '/home/gowtham/crazyflie_ws/build/swarm_guidance/build', 'install', '--record', '/home/gowtham/crazyflie_ws/build/swarm_guidance/install.log', '--single-version-externally-managed', 'install_data'], 'cwd': '/home/gowtham/crazyflie_ws/src/swarm_guidance', 'env': {'GJS_DEBUG_TOPICS': 'JS ERROR;JS LOG', 'LESSOPEN': '| /usr/bin/lesspipe %s', 'VSCODE_CWD': '/home/gowtham', 'LANGUAGE': 'en_IN:en', 'USER': 'gowtham', 'VSCODE_NLS_CONFIG': '{"userLocale":"en-gb","osLocale":"en-in","resolvedLanguage":"en","defaultMessagesFile":"/usr/share/antigravity/resources/app/out/nls.messages.json","locale":"en-gb","availableLanguages":{}}', 'XDG_SESSION_TYPE': 'wayland', 'SHLVL': '1', 'LD_LIBRARY_PATH': '/home/gowtham/swarm_ws/install/crazyflie_interfaces/lib:/opt/ros/humble/opt/rviz_ogre_vendor/lib:/opt/ros/humble/lib/x86_64-linux-gnu:/opt/ros/humble/lib', 'HOME': '/home/gowtham', 'CHROME_DESKTOP': 'antigravity.desktop', 'OLDPWD': '/home/gowtham/crazyflie_ws', 'DESKTOP_SESSION': 'ubuntu', 'VSCODE_IPC_HOOK': '/run/user/1000/vscode-aff32cd6-1.10-main.sock', 'GIO_LAUNCHED_DESKTOP_FILE': '/usr/share/applications/antigravity.desktop', 'ROS_PYTHON_VERSION': '3', 'GNOME_SHELL_SESSION_MODE': 'ubuntu', 'GTK_MODULES': 'gail:atk-bridge', 'PAGER': 'cat', 'MANAGERPID': '796', 'SYSTEMD_EXEC_PID': '933', 'IM_CONFIG_CHECK_ENV': '1', 'DBUS_SESSION_BUS_ADDRESS': 'unix:path=/run/user/1000/bus', 'ANTIGRAVITY_AGENT': '1', 'GIO_LAUNCHED_DESKTOP_FILE_PID': '10366', 'IM_CONFIG_PHASE': '1', 'WAYLAND_DISPLAY': 'wayland-0', 'COLCON_PREFIX_PATH': '/home/gowtham/swarm_ws/install', 'ROS_DISTRO': 'humble', 'LOGNAME': 'gowtham', 'JOURNAL_STREAM': '8:9899', '_': '/usr/bin/colcon', 'ROS_VERSION': '2', 'XDG_SESSION_CLASS': 'user', 'USERNAME': 'gowtham', 'TERM': 'dumb', 'GNOME_DESKTOP_SESSION_ID': 'this-is-deprecated', 'FC_FONTATIONS': '1', 'ROS_LOCALHOST_ONLY': '0', 'ANTIGRAVITY_EDITOR_APP_ROOT': '/usr/share/antigravity/resources/app', 'PATH': '/home/gowtham/.local/bin:/home/gowtham/.local/bin:/home/gowtham/.local/bin:/opt/ros/humble/bin:/home/gowtham/.local/bin:/usr/local/sbin:/usr/local/bin:/usr/sbin:/usr/bin:/sbin:/bin:/usr/games:/usr/local/games:/snap/bin:/snap/bin:/home/gowtham/.local/bin', 'SESSION_MANAGER': 'local/gowtham:@/tmp/.ICE-unix/896,unix/gowtham:/tmp/.ICE-unix/896', 'INVOCATION_ID': 'c08087d187494458aa56a4312641d470', 'XDG_MENU_PREFIX': 'gnome-', 'GNOME_SETUP_DISPLAY': ':1', 'XDG_RUNTIME_DIR': '/run/user/1000', 'GDK_BACKEND': 'wayland', 'DISPLAY': ':0', 'LANG': 'en_US.UTF-8', 'XDG_CURRENT_DESKTOP': 'ubuntu:GNOME', 'XMODIFIERS': '@im=ibus', 'XDG_SESSION_DESKTOP': 'ubuntu', 'XAUTHORITY': '/run/user/1000/.mutter-Xwaylandauth.NLJBR3', 'LS_COLORS': '', 'SSH_AGENT_LAUNCHER': 'gnome-keyring', 'SSH_AUTH_SOCK': '/run/user/1000/keyring/ssh', 'AMENT_PREFIX_PATH': '/home/gowtham/swarm_ws/install/guidance_layer:/home/gowtham/swarm_ws/install/crazyflie_sim:/home/gowtham/swarm_ws/install/crazyflie_examples:/home/gowtham/swarm_ws/install/crazyflie_py:/home/gowtham/swarm_ws/install/crazyflie:/home/gowtham/swarm_ws/install/crazyflie_interfaces:/home/gowtham/swarm_ws/install/control_layer:/home/gowtham/swarm_ws/install/consensus_controller:/opt/ros/humble', 'SHELL': '/bin/bash', 'QT_ACCESSIBILITY': '1', 'GDMSESSION': 'ubuntu', 'LESSCLOSE': '/usr/bin/lesspipe %s %s', 'GJS_DEBUG_OUTPUT': 'stderr', 'QT_IM_MODULE': 'ibus', 'ANTIGRAVITY_TRAJECTORY_ID': '86805cef-2491-4fe4-b29f-fc6a6861b993', 'PWD': '/home/gowtham/crazyflie_ws/build/swarm_guidance', 'LC_ALL': 'en_US.UTF-8', 'XDG_CONFIG_DIRS': '/etc/xdg/xdg-ubuntu:/etc/xdg', 'VSCODE_CODE_CACHE_PATH': '/home/gowtham/.config/Antigravity/CachedData/15487b3041e65228cae24980a3f796c905ef582c', 'XDG_DATA_DIRS': '/usr/share/ubuntu:/usr/local/share/:/usr/share/:/var/lib/snapd/desktop', 'PYTHONPATH': '/home/gowtham/crazyflie_ws/build/swarm_guidance/prefix_override:/usr/lib/python3/dist-packages/colcon_core/task/python/colcon_distutils_commands:/home/gowtham/crazyflie_ws/install/swarm_guidance/lib/python3.10/site-packages:/home/gowtham/crazyflie-firmware/build:/home/gowtham/crazyflie-firmware/build:/home/gowtham/swarm_ws/install/guidance_layer/lib/python3.10/site-packages:/home/gowtham/swarm_ws/install/crazyflie_sim/local/lib/python3.10/dist-packages:/home/gowtham/swarm_ws/install/crazyflie_examples/local/lib/python3.10/dist-packages:/home/gowtham/swarm_ws/install/crazyflie_py/lib/python3.10/site-packages:/home/gowtham/swarm_ws/install/crazyflie_interfaces/local/lib/python3.10/dist-packages:/home/gowtham/swarm_ws/install/control_layer/lib/python3.10/site-packages:/home/gowtham/swarm_ws/install/consensus_controller/lib/python3.10/site-packages:/opt/ros/humble/lib/python3.10/site-packages:/opt/ros/humble/local/lib/python3.10/dist-packages', 'COLCON': '1', 'CMAKE_PREFIX_PATH': '/home/gowtham/swarm_ws/install/crazyflie_sim:/home/gowtham/swarm_ws/install/crazyflie_examples:/home/gowtham/swarm_ws/install/crazyflie:/home/gowtham/swarm_ws/install/crazyflie_interfaces', 'VSCODE_PID': '10366'}, 'shell': False}
[2.320450] (-) TimerEvent: {}
[2.332491] (central_swarm_control) Command: {'cmd': ['/usr/bin/python3', '-W', 'ignore:setup.py install is deprecated', '-W', 'ignore:easy_install command is deprecated', 'setup.py', 'egg_info', '--egg-base', '../../build/central_swarm_control', 'build', '--build-base', '/home/gowtham/crazyflie_ws/build/central_swarm_control/build', 'install', '--record', '/home/gowtham/crazyflie_ws/build/central_swarm_control/install.log', '--single-version-externally-managed', 'install_data'], 'cwd': '/home/gowtham/crazyflie_ws/src/central_swarm_control', 'env': {'GJS_DEBUG_TOPICS': 'JS ERROR;JS LOG', 'LESSOPEN': '| /usr/bin/lesspipe %s', 'VSCODE_CWD': '/home/gowtham', 'LANGUAGE': 'en_IN:en', 'USER': 'gowtham', 'VSCODE_NLS_CONFIG': '{"userLocale":"en-gb","osLocale":"en-in","resolvedLanguage":"en","defaultMessagesFile":"/usr/share/antigravity/resources/app/out/nls.messages.json","locale":"en-gb","availableLanguages":{}}', 'XDG_SESSION_TYPE': 'wayland', 'SHLVL': '1', 'LD_LIBRARY_PATH': '/home/gowtham/crazyflie_ws/install/crazyflie_interfaces/lib:/home/gowtham/swarm_ws/install/crazyflie_interfaces/lib:/opt/ros/humble/opt/rviz_ogre_vendor/lib:/opt/ros/humble/lib/x86_64-linux-gnu:/opt/ros/humble/lib', 'HOME': '/home/gowtham', 'CHROME_DESKTOP': 'antigravity.desktop', 'OLDPWD': '/home/gowtham/crazyflie_ws', 'DESKTOP_SESSION': 'ubuntu', 'VSCODE_IPC_HOOK': '/run/user/1000/vscode-aff32cd6-1.10-main.sock', 'GIO_LAUNCHED_DESKTOP_FILE': '/usr/share/applications/antigravity.desktop', 'ROS_PYTHON_VERSION': '3', 'GNOME_SHELL_SESSION_MODE': 'ubuntu', 'GTK_MODULES': 'gail:atk-bridge', 'PAGER': 'cat', 'MANAGERPID': '796', 'SYSTEMD_EXEC_PID': '933', 'IM_CONFIG_CHECK_ENV': '1', 'DBUS_SESSION_BUS_ADDRESS': 'unix:path=/run/user/1000/bus', 'ANTIGRAVITY_AGENT': '1', 'GIO_LAUNCHED_DESKTOP_FILE_PID': '10366', 'IM_CONFIG_PHASE': '1', 'WAYLAND_DISPLAY': 'wayland-0', 'COLCON_PREFIX_PATH': '/home/gowtham/swarm_ws/install', 'ROS_DISTRO': 'humble', 'LOGNAME': 'gowtham', 'JOURNAL_STREAM': '8:9899', '_': '/usr/bin/colcon', 'ROS_VERSION': '2', 'XDG_SESSION_CLASS': 'user', 'USERNAME': 'gowtham', 'TERM': 'dumb', 'GNOME_DESKTOP_SESSION_ID': 'this-is-deprecated', 'FC_FONTATIONS': '1', 'ROS_LOCALHOST_ONLY': '0', 'ANTIGRAVITY_EDITOR_APP_ROOT': '/usr/share/antigravity/resources/app', 'PATH': '/home/gowtham/.local/bin:/home/gowtham/.local/bin:/home/gowtham/.local/bin:/opt/ros/humble/bin:/home/gowtham/.local/bin:/usr/local/sbin:/usr/local/bin:/usr/sbin:/usr/bin:/sbin:/bin:/usr/games:/usr/local/games:/snap/bin:/snap/bin:/home/gowtham/.local/bin', 'SESSION_MANAGER': 'local/gowtham:@/tmp/.ICE-unix/896,unix/gowtham:/tmp/.ICE-unix/896', 'INVOCATION_ID': 'c08087d187494458aa56a4312641d470', 'XDG_MENU_PREFIX': 'gnome-', 'GNOME_SETUP_DISPLAY': ':1', 'XDG_RUNTIME_DIR': '/run/user/1000', 'GDK_BACKEND': 'wayland', 'DISPLAY': ':0', 'LANG': 'en_US.UTF-8', 'XDG_CURRENT_DESKTOP': 'ubuntu:GNOME', 'XMODIFIERS': '@im=ibus', 'XDG_SESSION_DESKTOP': 'ubuntu', 'XAUTHORITY': '/run/user/1000/.mutter-Xwaylandauth.NLJBR3', 'LS_COLORS': '', 'SSH_AGENT_LAUNCHER': 'gnome-keyring', 'SSH_AUTH_SOCK': '/run/user/1000/keyring/ssh', 'AMENT_PREFIX_PATH': '/home/gowtham/crazyflie_ws/install/crazyflie_interfaces:/home/gowtham/swarm_ws/install/guidance_layer:/home/gowtham/swarm_ws/install/crazyflie_sim:/home/gowtham/swarm_ws/install/crazyflie_examples:/home/gowtham/swarm_ws/install/crazyflie_py:/home/gowtham/swarm_ws/install/crazyflie:/home/gowtham/swarm_ws/install/crazyflie_interfaces:/home/gowtham/swarm_ws/install/control_layer:/home/gowtham/swarm_ws/install/consensus_controller:/opt/ros/humble', 'SHELL': '/bin/bash', 'QT_ACCESSIBILITY': '1', 'GDMSESSION': 'ubuntu', 'LESSCLOSE': '/usr/bin/lesspipe %s %s', 'GJS_DEBUG_OUTPUT': 'stderr', 'QT_IM_MODULE': 'ibus', 'ANTIGRAVITY_TRAJECTORY_ID': '86805cef-2491-4fe4-b29f-fc6a6861b993', 'PWD': '/home/gowtham/crazyflie_ws/build/central_swarm_control', 'LC_ALL': 'en_US.UTF-8', 'XDG_CONFIG_DIRS': '/etc/xdg/xdg-ubuntu:/etc/xdg', 'VSCODE_CODE_CACHE_PATH': '/home/gowtham/.config/Antigravity/CachedData/15487b3041e65228cae24980a3f796c905ef582c', 'XDG_DATA_DIRS': '/usr/share/ubuntu:/usr/local/share/:/usr/share/:/var/lib/snapd/desktop', 'PYTHONPATH': '/home/gowtham/crazyflie_ws/build/central_swarm_control/prefix_override:/usr/lib/python3/dist-packages/colcon_core/task/python/colcon_distutils_commands:/home/gowtham/crazyflie_ws/install/central_swarm_control/lib/python3.10/site-packages:/home/gowtham/crazyflie_ws/install/crazyflie_interfaces/local/lib/python3.10/dist-packages:/home/gowtham/crazyflie-firmware/build:/home/gowtham/crazyflie-firmware/build:/home/gowtham/swarm_ws/install/guidance_layer/lib/python3.10/site-packages:/home/gowtham/swarm_ws/install/crazyflie_sim/local/lib/python3.10/dist-packages:/home/gowtham/swarm_ws/install/crazyflie_examples/local/lib/python3.10/dist-packages:/home/gowtham/swarm_ws/install/crazyflie_py/lib/python3.10/site-packages:/home/gowtham/swarm_ws/install/crazyflie_interfaces/local/lib/python3.10/dist-packages:/home/gowtham/swarm_ws/install/control_layer/lib/python3.10/site-packages:/home/gowtham/swarm_ws/install/consensus_controller/lib/python3.10/site-packages:/opt/ros/humble/lib/python3.10/site-packages:/opt/ros/humble/local/lib/python3.10/dist-packages', 'COLCON': '1', 'CMAKE_PREFIX_PATH': '/home/gowtham/crazyflie_ws/install/crazyflie_interfaces:/home/gowtham/swarm_ws/install/crazyflie_sim:/home/gowtham/swarm_ws/install/crazyflie_examples:/home/gowtham/swarm_ws/install/crazyflie:/home/gowtham/swarm_ws/install/crazyflie_interfaces', 'VSCODE_PID': '10366'}, 'shell': False}
[2.425128] (-) TimerEvent: {}
[2.433470] (swarm_navigation) Command: {'cmd': ['/usr/bin/python3', '-W', 'ignore:setup.py install is deprecated', '-W', 'ignore:easy_install command is deprecated', 'setup.py', 'egg_info', '--egg-base', '../../build/swarm_navigation', 'build', '--build-base', '/home/gowtham/crazyflie_ws/build/swarm_navigation/build', 'install', '--record', '/home/gowtham/crazyflie_ws/build/swarm_navigation/install.log', '--single-version-externally-managed', 'install_data'], 'cwd': '/home/gowtham/crazyflie_ws/src/swarm_navigation', 'env': {'GJS_DEBUG_TOPICS': 'JS ERROR;JS LOG', 'LESSOPEN': '| /usr/bin/lesspipe %s', 'VSCODE_CWD': '/home/gowtham', 'LANGUAGE': 'en_IN:en', 'USER': 'gowtham', 'VSCODE_NLS_CONFIG': '{"userLocale":"en-gb","osLocale":"en-in","resolvedLanguage":"en","defaultMessagesFile":"/usr/share/antigravity/resources/app/out/nls.messages.json","locale":"en-gb","availableLanguages":{}}', 'XDG_SESSION_TYPE': 'wayland', 'SHLVL': '1', 'LD_LIBRARY_PATH': '/home/gowtham/crazyflie_ws/install/crazyflie_interfaces/lib:/home/gowtham/swarm_ws/install/crazyflie_interfaces/lib:/opt/ros/humble/opt/rviz_ogre_vendor/lib:/opt/ros/humble/lib/x86_64-linux-gnu:/opt/ros/humble/lib', 'HOME': '/home/gowtham', 'CHROME_DESKTOP': 'antigravity.desktop', 'OLDPWD': '/home/gowtham/crazyflie_ws', 'DESKTOP_SESSION': 'ubuntu', 'VSCODE_IPC_HOOK': '/run/user/1000/vscode-aff32cd6-1.10-main.sock', 'GIO_LAUNCHED_DESKTOP_FILE': '/usr/share/applications/antigravity.desktop', 'ROS_PYTHON_VERSION': '3', 'GNOME_SHELL_SESSION_MODE': 'ubuntu', 'GTK_MODULES': 'gail:atk-bridge', 'PAGER': 'cat', 'MANAGERPID': '796', 'SYSTEMD_EXEC_PID': '933', 'IM_CONFIG_CHECK_ENV': '1', 'DBUS_SESSION_BUS_ADDRESS': 'unix:path=/run/user/1000/bus', 'ANTIGRAVITY_AGENT': '1', 'GIO_LAUNCHED_DESKTOP_FILE_PID': '10366', 'IM_CONFIG_PHASE': '1', 'WAYLAND_DISPLAY': 'wayland-0', 'COLCON_PREFIX_PATH': '/home/gowtham/swarm_ws/install', 'ROS_DISTRO': 'humble', 'LOGNAME': 'gowtham', 'JOURNAL_STREAM': '8:9899', '_': '/usr/bin/colcon', 'ROS_VERSION': '2', 'XDG_SESSION_CLASS': 'user', 'USERNAME': 'gowtham', 'TERM': 'dumb', 'GNOME_DESKTOP_SESSION_ID': 'this-is-deprecated', 'FC_FONTATIONS': '1', 'ROS_LOCALHOST_ONLY': '0', 'ANTIGRAVITY_EDITOR_APP_ROOT': '/usr/share/antigravity/resources/app', 'PATH': '/home/gowtham/.local/bin:/home/gowtham/.local/bin:/home/gowtham/.local/bin:/opt/ros/humble/bin:/home/gowtham/.local/bin:/usr/local/sbin:/usr/local/bin:/usr/sbin:/usr/bin:/sbin:/bin:/usr/games:/usr/local/games:/snap/bin:/snap/bin:/home/gowtham/.local/bin', 'SESSION_MANAGER': 'local/gowtham:@/tmp/.ICE-unix/896,unix/gowtham:/tmp/.ICE-unix/896', 'INVOCATION_ID': 'c08087d187494458aa56a4312641d470', 'XDG_MENU_PREFIX': 'gnome-', 'GNOME_SETUP_DISPLAY': ':1', 'XDG_RUNTIME_DIR': '/run/user/1000', 'GDK_BACKEND': 'wayland', 'DISPLAY': ':0', 'LANG': 'en_US.UTF-8', 'XDG_CURRENT_DESKTOP': 'ubuntu:GNOME', 'XMODIFIERS': '@im=ibus', 'XDG_SESSION_DESKTOP': 'ubuntu', 'XAUTHORITY': '/run/user/1000/.mutter-Xwaylandauth.NLJBR3', 'LS_COLORS': '', 'SSH_AGENT_LAUNCHER': 'gnome-keyring', 'SSH_AUTH_SOCK': '/run/user/1000/keyring/ssh', 'AMENT_PREFIX_PATH': '/home/gowtham/crazyflie_ws/install/crazyflie_interfaces:/home/gowtham/swarm_ws/install/guidance_layer:/home/gowtham/swarm_ws/install/crazyflie_sim:/home/gowtham/swarm_ws/install/crazyflie_examples:/home/gowtham/swarm_ws/install/crazyflie_py:/home/gowtham/swarm_ws/install/crazyflie:/home/gowtham/swarm_ws/install/crazyflie_interfaces:/home/gowtham/swarm_ws/install/control_layer:/home/gowtham/swarm_ws/install/consensus_controller:/opt/ros/humble', 'SHELL': '/bin/bash', 'QT_ACCESSIBILITY': '1', 'GDMSESSION': 'ubuntu', 'LESSCLOSE': '/usr/bin/lesspipe %s %s', 'GJS_DEBUG_OUTPUT': 'stderr', 'QT_IM_MODULE': 'ibus', 'ANTIGRAVITY_TRAJECTORY_ID': '86805cef-2491-4fe4-b29f-fc6a6861b993', 'PWD': '/home/gowtham/crazyflie_ws/build/swarm_navigation', 'LC_ALL': 'en_US.UTF-8', 'XDG_CONFIG_DIRS': '/etc/xdg/xdg-ubuntu:/etc/xdg', 'VSCODE_CODE_CACHE_PATH': '/home/gowtham/.config/Antigravity/CachedData/15487b3041e65228cae24980a3f796c905ef582c', 'XDG_DATA_DIRS': '/usr/share/ubuntu:/usr/local/share/:/usr/share/:/var/lib/snapd/desktop', 'PYTHONPATH': '/home/gowtham/crazyflie_ws/build/swarm_navigation/prefix_override:/usr/lib/python3/dist-packages/colcon_core/task/python/colcon_distutils_commands:/home/gowtham/crazyflie_ws/install/swarm_navigation/lib/python3.10/site-packages:/home/gowtham/crazyflie_ws/install/crazyflie_interfaces/local/lib/python3.10/dist-packages:/home/gowtham/crazyflie-firmware/build:/home/gowtham/crazyflie-firmware/build:/home/gowtham/swarm_ws/install/guidance_layer/lib/python3.10/site-packages:/home/gowtham/swarm_ws/install/crazyflie_sim/local/lib/python3.10/dist-packages:/home/gowtham/swarm_ws/install/crazyflie_examples/local/lib/python3.10/dist-packages:/home/gowtham/swarm_ws/install/crazyflie_py/lib/python3.10/site-packages:/home/gowtham/swarm_ws/install/crazyflie_interfaces/local/lib/python3.10/dist-packages:/home/gowtham/swarm_ws/install/control_layer/lib/python3.10/site-packages:/home/gowtham/swarm_ws/install/consensus_controller/lib/python3.10/site-packages:/opt/ros/humble/lib/python3.10/site-packages:/opt/ros/humble/local/lib/python3.10/dist-packages', 'COLCON': '1', 'CMAKE_PREFIX_PATH': '/home/gowtham/crazyflie_ws/install/crazyflie_interfaces:/home/gowtham/swarm_ws/install/crazyflie_sim:/home/gowtham/swarm_ws/install/crazyflie_examples:/home/gowtham/swarm_ws/install/crazyflie:/home/gowtham/swarm_ws/install/crazyflie_interfaces', 'VSCODE_PID': '10366'}, 'shell': False}
[2.525231] (-) TimerEvent: {}
[2.627983] (-) TimerEvent: {}
[2.728812] (-) TimerEvent: {}
[2.829397] (-) TimerEvent: {}
[2.930038] (-) TimerEvent: {}
[2.998555] (swarm_guidance) StdoutLine: {'line': b'running egg_info\n'}
[3.002011] (swarm_guidance) StdoutLine: {'line': b'writing ../../build/swarm_guidance/swarm_guidance.egg-info/PKG-INFO\n'}
[3.005063] (swarm_guidance) StdoutLine: {'line': b'writing dependency_links to ../../build/swarm_guidance/swarm_guidance.egg-info/dependency_links.txt\n'}
[3.007163] (swarm_guidance) StdoutLine: {'line': b'writing entry points to ../../build/swarm_guidance/swarm_guidance.egg-info/entry_points.txt\n'}
[3.008389] (swarm_guidance) StdoutLine: {'line': b'writing requirements to ../../build/swarm_guidance/swarm_guidance.egg-info/requires.txt\n'}
[3.012711] (swarm_guidance) StdoutLine: {'line': b'writing top-level names to ../../build/swarm_guidance/swarm_guidance.egg-info/top_level.txt\n'}
[3.015475] (swarm_guidance) StdoutLine: {'line': b"reading manifest file '../../build/swarm_guidance/swarm_guidance.egg-info/SOURCES.txt'\n"}
[3.019426] (swarm_guidance) StdoutLine: {'line': b"writing manifest file '../../build/swarm_guidance/swarm_guidance.egg-info/SOURCES.txt'\n"}
[3.021196] (swarm_guidance) StdoutLine: {'line': b'running build\n'}
[3.022212] (swarm_guidance) StdoutLine: {'line': b'running build_py\n'}
[3.023860] (swarm_guidance) StdoutLine: {'line': b'running install\n'}
[3.025534] (swarm_guidance) StdoutLine: {'line': b'running install_lib\n'}
[3.029410] (swarm_guidance) StdoutLine: {'line': b'running install_data\n'}
[3.030368] (-) TimerEvent: {}
[3.031271] (swarm_guidance) StdoutLine: {'line': b'running install_egg_info\n'}
[3.037169] (swarm_guidance) StdoutLine: {'line': b"removing '/home/gowtham/crazyflie_ws/install/swarm_guidance/lib/python3.10/site-packages/swarm_guidance-0.0.0-py3.10.egg-info' (and everything under it)\n"}
[3.041771] (swarm_guidance) StdoutLine: {'line': b'Copying ../../build/swarm_guidance/swarm_guidance.egg-info to /home/gowtham/crazyflie_ws/install/swarm_guidance/lib/python3.10/site-packages/swarm_guidance-0.0.0-py3.10.egg-info\n'}
[3.050545] (swarm_guidance) StdoutLine: {'line': b'running install_scripts\n'}
[3.099951] (central_swarm_control) StdoutLine: {'line': b'running egg_info\n'}
[3.105612] (central_swarm_control) StdoutLine: {'line': b'writing ../../build/central_swarm_control/central_swarm_control.egg-info/PKG-INFO\n'}
[3.106069] (central_swarm_control) StdoutLine: {'line': b'writing dependency_links to ../../build/central_swarm_control/central_swarm_control.egg-info/dependency_links.txt\n'}
[3.106741] (central_swarm_control) StdoutLine: {'line': b'writing entry points to ../../build/central_swarm_control/central_swarm_control.egg-info/entry_points.txt\n'}
[3.110366] (central_swarm_control) StdoutLine: {'line': b'writing requirements to ../../build/central_swarm_control/central_swarm_control.egg-info/requires.txt\n'}
[3.110643] (central_swarm_control) StdoutLine: {'line': b'writing top-level names to ../../build/central_swarm_control/central_swarm_control.egg-info/top_level.txt\n'}
[3.110880] (central_swarm_control) StdoutLine: {'line': b"reading manifest file '../../build/central_swarm_control/central_swarm_control.egg-info/SOURCES.txt'\n"}
[3.113236] (central_swarm_control) StdoutLine: {'line': b"writing manifest file '../../build/central_swarm_control/central_swarm_control.egg-info/SOURCES.txt'\n"}
[3.113515] (central_swarm_control) StdoutLine: {'line': b'running build\n'}
[3.113677] (central_swarm_control) StdoutLine: {'line': b'running build_py\n'}
[3.113819] (central_swarm_control) StdoutLine: {'line': b'copying central_swarm_control/control_node.py -> /home/gowtham/crazyflie_ws/build/central_swarm_control/build/lib/central_swarm_control\n'}
[3.116149] (central_swarm_control) StdoutLine: {'line': b'running install\n'}
[3.116431] (central_swarm_control) StdoutLine: {'line': b'running install_lib\n'}
[3.120773] (swarm_navigation) StdoutLine: {'line': b'running egg_info\n'}
[3.121168] (central_swarm_control) StdoutLine: {'line': b'copying /home/gowtham/crazyflie_ws/build/central_swarm_control/build/lib/central_swarm_control/control_node.py -> /home/gowtham/crazyflie_ws/install/central_swarm_control/lib/python3.10/site-packages/central_swarm_control\n'}
[3.122326] (swarm_guidance) StdoutLine: {'line': b'Installing guidance_node script to /home/gowtham/crazyflie_ws/install/swarm_guidance/lib/swarm_guidance\n'}
[3.124564] (central_swarm_control) StdoutLine: {'line': b'byte-compiling /home/gowtham/crazyflie_ws/install/central_swarm_control/lib/python3.10/site-packages/central_swarm_control/control_node.py to control_node.cpython-310.pyc\n'}
[3.124763] (swarm_navigation) StdoutLine: {'line': b'writing ../../build/swarm_navigation/swarm_navigation.egg-info/PKG-INFO\n'}
[3.124934] (swarm_navigation) StdoutLine: {'line': b'writing dependency_links to ../../build/swarm_navigation/swarm_navigation.egg-info/dependency_links.txt\n'}
[3.125081] (swarm_navigation) StdoutLine: {'line': b'writing entry points to ../../build/swarm_navigation/swarm_navigation.egg-info/entry_points.txt\n'}
[3.125230] (swarm_navigation) StdoutLine: {'line': b'writing requirements to ../../build/swarm_navigation/swarm_navigation.egg-info/requires.txt\n'}
[3.125402] (swarm_navigation) StdoutLine: {'line': b'writing top-level names to ../../build/swarm_navigation/swarm_navigation.egg-info/top_level.txt\n'}
[3.128429] (swarm_guidance) StdoutLine: {'line': b"writing list of installed files to '/home/gowtham/crazyflie_ws/build/swarm_guidance/install.log'\n"}
[3.128993] (swarm_navigation) StdoutLine: {'line': b"reading manifest file '../../build/swarm_navigation/swarm_navigation.egg-info/SOURCES.txt'\n"}
[3.129184] (swarm_navigation) StdoutLine: {'line': b"writing manifest file '../../build/swarm_navigation/swarm_navigation.egg-info/SOURCES.txt'\n"}
[3.130477] (-) TimerEvent: {}
[3.134416] (swarm_navigation) StdoutLine: {'line': b'running build\n'}
[3.134818] (swarm_navigation) StdoutLine: {'line': b'running build_py\n'}
[3.134979] (swarm_navigation) StdoutLine: {'line': b'running install\n'}
[3.135127] (swarm_navigation) StdoutLine: {'line': b'running install_lib\n'}
[3.135367] (central_swarm_control) StdoutLine: {'line': b'running install_data\n'}
[3.135994] (swarm_navigation) StdoutLine: {'line': b'running install_data\n'}
[3.136287] (swarm_navigation) StdoutLine: {'line': b'running install_egg_info\n'}
[3.136898] (central_swarm_control) StdoutLine: {'line': b'copying launch/physical_swarm.launch.py -> /home/gowtham/crazyflie_ws/install/central_swarm_control/share/central_swarm_control/launch\n'}
[3.137094] (central_swarm_control) StdoutLine: {'line': b'running install_egg_info\n'}
[3.140663] (swarm_navigation) StdoutLine: {'line': b"removing '/home/gowtham/crazyflie_ws/install/swarm_navigation/lib/python3.10/site-packages/swarm_navigation-0.0.0-py3.10.egg-info' (and everything under it)\n"}
[3.141572] (swarm_navigation) StdoutLine: {'line': b'Copying ../../build/swarm_navigation/swarm_navigation.egg-info to /home/gowtham/crazyflie_ws/install/swarm_navigation/lib/python3.10/site-packages/swarm_navigation-0.0.0-py3.10.egg-info\n'}
[3.142097] (central_swarm_control) StdoutLine: {'line': b"removing '/home/gowtham/crazyflie_ws/install/central_swarm_control/lib/python3.10/site-packages/central_swarm_control-0.0.0-py3.10.egg-info' (and everything under it)\n"}
[3.143403] (central_swarm_control) StdoutLine: {'line': b'Copying ../../build/central_swarm_control/central_swarm_control.egg-info to /home/gowtham/crazyflie_ws/install/central_swarm_control/lib/python3.10/site-packages/central_swarm_control-0.0.0-py3.10.egg-info\n'}
[3.146587] (swarm_navigation) StdoutLine: {'line': b'running install_scripts\n'}
[3.146761] (central_swarm_control) StdoutLine: {'line': b'running install_scripts\n'}
[3.207114] (swarm_navigation) StdoutLine: {'line': b'Installing navigation_node script to /home/gowtham/crazyflie_ws/install/swarm_navigation/lib/swarm_navigation\n'}
[3.207845] (swarm_navigation) StdoutLine: {'line': b"writing list of installed files to '/home/gowtham/crazyflie_ws/build/swarm_navigation/install.log'\n"}
[3.215440] (swarm_guidance) CommandEnded: {'returncode': 0}
[3.222091] (central_swarm_control) StdoutLine: {'line': b'Installing control_node script to /home/gowtham/crazyflie_ws/install/central_swarm_control/lib/central_swarm_control\n'}
[3.222570] (central_swarm_control) StdoutLine: {'line': b"writing list of installed files to '/home/gowtham/crazyflie_ws/build/central_swarm_control/install.log'\n"}
[3.235088] (-) TimerEvent: {}
[3.278722] (swarm_guidance) JobEnded: {'identifier': 'swarm_guidance', 'rc': 0}
[3.290623] (swarm_navigation) CommandEnded: {'returncode': 0}
[3.308601] (swarm_navigation) JobEnded: {'identifier': 'swarm_navigation', 'rc': 0}
[3.310350] (central_swarm_control) CommandEnded: {'returncode': 0}
[3.324674] (central_swarm_control) JobEnded: {'identifier': 'central_swarm_control', 'rc': 0}
[3.325925] (-) EventReactorShutdown: {}
