[2.112s] Invoking command in '/home/gowtham/crazyflie_ws/build/central_swarm_control': AMENT_PREFIX_PATH=/home/gowtham/crazyflie_ws/install/crazyflie_interfaces:${AMENT_PREFIX_PATH} CMAKE_PREFIX_PATH=/home/gowtham/crazyflie_ws/install/crazyflie_interfaces:${CMAKE_PREFIX_PATH} LD_LIBRARY_PATH=/home/gowtham/crazyflie_ws/install/crazyflie_interfaces/lib:${LD_LIBRARY_PATH} PYTHONPATH=/home/gowtham/crazyflie_ws/build/central_swarm_control/prefix_override:/usr/lib/python3/dist-packages/colcon_core/task/python/colcon_distutils_commands:/home/gowtham/crazyflie_ws/install/central_swarm_control/lib/python3.10/site-packages:/home/gowtham/crazyflie_ws/install/crazyflie_interfaces/local/lib/python3.10/dist-packages:${PYTHONPATH} /usr/bin/python3 -W ignore:setup.py install is deprecated -W ignore:easy_install command is deprecated setup.py develop --editable --build-directory /home/gowtham/crazyflie_ws/build/central_swarm_control/build --no-deps symlink_data --force
[3.160s] running develop
[3.656s] running egg_info
[3.656s] writing central_swarm_control.egg-info/PKG-INFO
[3.656s] writing dependency_links to central_swarm_control.egg-info/dependency_links.txt
[3.656s] writing entry points to central_swarm_control.egg-info/entry_points.txt
[3.656s] writing requirements to central_swarm_control.egg-info/requires.txt
[3.656s] writing top-level names to central_swarm_control.egg-info/top_level.txt
[3.667s] reading manifest file 'central_swarm_control.egg-info/SOURCES.txt'
[3.671s] writing manifest file 'central_swarm_control.egg-info/SOURCES.txt'
[3.672s] running build_ext
[3.672s] Creating /home/gowtham/crazyflie_ws/install/central_swarm_control/lib/python3.10/site-packages/central-swarm-control.egg-link (link to .)
[3.675s] Installing control_node script to /home/gowtham/crazyflie_ws/install/central_swarm_control/lib/central_swarm_control
[3.675s] 
[3.675s] Installed /home/gowtham/crazyflie_ws/build/central_swarm_control
[3.677s] running symlink_data
[3.677s] symbolically linking /home/gowtham/crazyflie_ws/build/central_swarm_control/resource/central_swarm_control -> /home/gowtham/crazyflie_ws/install/central_swarm_control/share/ament_index/resource_index/packages
[3.677s] symbolically linking /home/gowtham/crazyflie_ws/build/central_swarm_control/package.xml -> /home/gowtham/crazyflie_ws/install/central_swarm_control/share/central_swarm_control
[3.678s] symbolically linking /home/gowtham/crazyflie_ws/build/central_swarm_control/launch/physical_swarm.launch.py -> /home/gowtham/crazyflie_ws/install/central_swarm_control/share/central_swarm_control/launch
[3.678s] symbolically linking /home/gowtham/crazyflie_ws/build/central_swarm_control/config/crazyflies.yaml -> /home/gowtham/crazyflie_ws/install/central_swarm_control/share/central_swarm_control/config
[3.791s] Invoked command in '/home/gowtham/crazyflie_ws/build/central_swarm_control' returned '0': AMENT_PREFIX_PATH=/home/gowtham/crazyflie_ws/install/crazyflie_interfaces:${AMENT_PREFIX_PATH} CMAKE_PREFIX_PATH=/home/gowtham/crazyflie_ws/install/crazyflie_interfaces:${CMAKE_PREFIX_PATH} LD_LIBRARY_PATH=/home/gowtham/crazyflie_ws/install/crazyflie_interfaces/lib:${LD_LIBRARY_PATH} PYTHONPATH=/home/gowtham/crazyflie_ws/build/central_swarm_control/prefix_override:/usr/lib/python3/dist-packages/colcon_core/task/python/colcon_distutils_commands:/home/gowtham/crazyflie_ws/install/central_swarm_control/lib/python3.10/site-packages:/home/gowtham/crazyflie_ws/install/crazyflie_interfaces/local/lib/python3.10/dist-packages:${PYTHONPATH} /usr/bin/python3 -W ignore:setup.py install is deprecated -W ignore:easy_install command is deprecated setup.py develop --editable --build-directory /home/gowtham/crazyflie_ws/build/central_swarm_control/build --no-deps symlink_data --force
