[2.355s] Invoking command in '/home/gowtham/crazyflie_ws/src/swarm_guidance': PYTHONPATH=/home/gowtham/crazyflie_ws/build/swarm_guidance/prefix_override:/usr/lib/python3/dist-packages/colcon_core/task/python/colcon_distutils_commands:/home/gowtham/crazyflie_ws/install/swarm_guidance/lib/python3.10/site-packages:${PYTHONPATH} /usr/bin/python3 -W ignore:setup.py install is deprecated -W ignore:easy_install command is deprecated setup.py egg_info --egg-base ../../build/swarm_guidance build --build-base /home/gowtham/crazyflie_ws/build/swarm_guidance/build install --record /home/gowtham/crazyflie_ws/build/swarm_guidance/install.log --single-version-externally-managed install_data
[2.944s] running egg_info
[2.946s] writing ../../build/swarm_guidance/swarm_guidance.egg-info/PKG-INFO
[2.947s] writing dependency_links to ../../build/swarm_guidance/swarm_guidance.egg-info/dependency_links.txt
[2.947s] writing entry points to ../../build/swarm_guidance/swarm_guidance.egg-info/entry_points.txt
[2.948s] writing requirements to ../../build/swarm_guidance/swarm_guidance.egg-info/requires.txt
[2.948s] writing top-level names to ../../build/swarm_guidance/swarm_guidance.egg-info/top_level.txt
[2.953s] reading manifest file '../../build/swarm_guidance/swarm_guidance.egg-info/SOURCES.txt'
[2.955s] writing manifest file '../../build/swarm_guidance/swarm_guidance.egg-info/SOURCES.txt'
[2.957s] running build
[2.957s] running build_py
[2.957s] copying swarm_guidance/guidance_node.py -> /home/gowtham/crazyflie_ws/build/swarm_guidance/build/lib/swarm_guidance
[2.958s] running install
[2.960s] running install_lib
[2.962s] copying /home/gowtham/crazyflie_ws/build/swarm_guidance/build/lib/swarm_guidance/guidance_node.py -> /home/gowtham/crazyflie_ws/install/swarm_guidance/lib/python3.10/site-packages/swarm_guidance
[2.964s] byte-compiling /home/gowtham/crazyflie_ws/install/swarm_guidance/lib/python3.10/site-packages/swarm_guidance/guidance_node.py to guidance_node.cpython-310.pyc
[2.967s] running install_data
[2.967s] running install_egg_info
[2.971s] removing '/home/gowtham/crazyflie_ws/install/swarm_guidance/lib/python3.10/site-packages/swarm_guidance-0.0.0-py3.10.egg-info' (and everything under it)
[2.973s] Copying ../../build/swarm_guidance/swarm_guidance.egg-info to /home/gowtham/crazyflie_ws/install/swarm_guidance/lib/python3.10/site-packages/swarm_guidance-0.0.0-py3.10.egg-info
[2.976s] running install_scripts
[3.025s] Installing guidance_node script to /home/gowtham/crazyflie_ws/install/swarm_guidance/lib/swarm_guidance
[3.025s] writing list of installed files to '/home/gowtham/crazyflie_ws/build/swarm_guidance/install.log'
[3.094s] Invoked command in '/home/gowtham/crazyflie_ws/src/swarm_guidance' returned '0': PYTHONPATH=/home/gowtham/crazyflie_ws/build/swarm_guidance/prefix_override:/usr/lib/python3/dist-packages/colcon_core/task/python/colcon_distutils_commands:/home/gowtham/crazyflie_ws/install/swarm_guidance/lib/python3.10/site-packages:${PYTHONPATH} /usr/bin/python3 -W ignore:setup.py install is deprecated -W ignore:easy_install command is deprecated setup.py egg_info --egg-base ../../build/swarm_guidance build --build-base /home/gowtham/crazyflie_ws/build/swarm_guidance/build install --record /home/gowtham/crazyflie_ws/build/swarm_guidance/install.log --single-version-externally-managed install_data
