[3.320s] Invoking command in '/home/gowtham/crazyflie_ws/src/central_swarm_control': PYTHONPATH=/home/gowtham/crazyflie_ws/build/central_swarm_control/prefix_override:/usr/lib/python3/dist-packages/colcon_core/task/python/colcon_distutils_commands:/home/gowtham/crazyflie_ws/install/central_swarm_control/lib/python3.10/site-packages:${PYTHONPATH} /usr/bin/python3 -W ignore:setup.py install is deprecated -W ignore:easy_install command is deprecated setup.py egg_info --egg-base ../../build/central_swarm_control build --build-base /home/gowtham/crazyflie_ws/build/central_swarm_control/build install --record /home/gowtham/crazyflie_ws/build/central_swarm_control/install.log --single-version-externally-managed install_data
[4.062s] running egg_info
[4.066s] writing ../../build/central_swarm_control/central_swarm_control.egg-info/PKG-INFO
[4.066s] writing dependency_links to ../../build/central_swarm_control/central_swarm_control.egg-info/dependency_links.txt
[4.066s] writing entry points to ../../build/central_swarm_control/central_swarm_control.egg-info/entry_points.txt
[4.067s] writing requirements to ../../build/central_swarm_control/central_swarm_control.egg-info/requires.txt
[4.067s] writing top-level names to ../../build/central_swarm_control/central_swarm_control.egg-info/top_level.txt
[4.068s] reading manifest file '../../build/central_swarm_control/central_swarm_control.egg-info/SOURCES.txt'
[4.071s] writing manifest file '../../build/central_swarm_control/central_swarm_control.egg-info/SOURCES.txt'
[4.071s] running build
[4.071s] running build_py
[4.071s] copying central_swarm_control/control_node.py -> /home/gowtham/crazyflie_ws/build/central_swarm_control/build/lib/central_swarm_control
[4.072s] running install
[4.072s] running install_lib
[4.075s] copying /home/gowtham/crazyflie_ws/build/central_swarm_control/build/lib/central_swarm_control/control_node.py -> /home/gowtham/crazyflie_ws/install/central_swarm_control/lib/python3.10/site-packages/central_swarm_control
[4.076s] byte-compiling /home/gowtham/crazyflie_ws/install/central_swarm_control/lib/python3.10/site-packages/central_swarm_control/control_node.py to control_node.cpython-310.pyc
[4.080s] running install_data
[4.080s] copying config/crazyflies.yaml -> /home/gowtham/crazyflie_ws/install/central_swarm_control/share/central_swarm_control/config
[4.080s] running install_egg_info
[4.083s] removing '/home/gowtham/crazyflie_ws/install/central_swarm_control/lib/python3.10/site-packages/central_swarm_control-0.0.0-py3.10.egg-info' (and everything under it)
[4.084s] Copying ../../build/central_swarm_control/central_swarm_control.egg-info to /home/gowtham/crazyflie_ws/install/central_swarm_control/lib/python3.10/site-packages/central_swarm_control-0.0.0-py3.10.egg-info
[4.086s] running install_scripts
[4.130s] Installing control_node script to /home/gowtham/crazyflie_ws/install/central_swarm_control/lib/central_swarm_control
[4.131s] writing list of installed files to '/home/gowtham/crazyflie_ws/build/central_swarm_control/install.log'
[4.202s] Invoked command in '/home/gowtham/crazyflie_ws/src/central_swarm_control' returned '0': PYTHONPATH=/home/gowtham/crazyflie_ws/build/central_swarm_control/prefix_override:/usr/lib/python3/dist-packages/colcon_core/task/python/colcon_distutils_commands:/home/gowtham/crazyflie_ws/install/central_swarm_control/lib/python3.10/site-packages:${PYTHONPATH} /usr/bin/python3 -W ignore:setup.py install is deprecated -W ignore:easy_install command is deprecated setup.py egg_info --egg-base ../../build/central_swarm_control build --build-base /home/gowtham/crazyflie_ws/build/central_swarm_control/build install --record /home/gowtham/crazyflie_ws/build/central_swarm_control/install.log --single-version-externally-managed install_data
