[2.167s] Invoking command in '/home/gowtham/crazyflie_ws/build/swarm_navigation': PYTHONPATH=/home/gowtham/crazyflie_ws/build/swarm_navigation/prefix_override:/usr/lib/python3/dist-packages/colcon_core/task/python/colcon_distutils_commands:/home/gowtham/crazyflie_ws/install/swarm_navigation/lib/python3.10/site-packages:${PYTHONPATH} /usr/bin/python3 -W ignore:setup.py install is deprecated -W ignore:easy_install command is deprecated setup.py develop --uninstall --editable --build-directory /home/gowtham/crazyflie_ws/build/swarm_navigation/build
[2.843s] running develop
[3.282s] Removing /home/gowtham/crazyflie_ws/install/swarm_navigation/lib/python3.10/site-packages/swarm-navigation.egg-link (link to .)
[3.358s] Invoked command in '/home/gowtham/crazyflie_ws/build/swarm_navigation' returned '0': PYTHONPATH=/home/gowtham/crazyflie_ws/build/swarm_navigation/prefix_override:/usr/lib/python3/dist-packages/colcon_core/task/python/colcon_distutils_commands:/home/gowtham/crazyflie_ws/install/swarm_navigation/lib/python3.10/site-packages:${PYTHONPATH} /usr/bin/python3 -W ignore:setup.py install is deprecated -W ignore:easy_install command is deprecated setup.py develop --uninstall --editable --build-directory /home/gowtham/crazyflie_ws/build/swarm_navigation/build
[3.359s] Invoking command in '/home/gowtham/crazyflie_ws/src/swarm_navigation': PYTHONPATH=/home/gowtham/crazyflie_ws/build/swarm_navigation/prefix_override:/usr/lib/python3/dist-packages/colcon_core/task/python/colcon_distutils_commands:/home/gowtham/crazyflie_ws/install/swarm_navigation/lib/python3.10/site-packages:${PYTHONPATH} /usr/bin/python3 -W ignore:setup.py install is deprecated -W ignore:easy_install command is deprecated setup.py egg_info --egg-base ../../build/swarm_navigation build --build-base /home/gowtham/crazyflie_ws/build/swarm_navigation/build install --record /home/gowtham/crazyflie_ws/build/swarm_navigation/install.log --single-version-externally-managed install_data --force
[4.125s] running egg_info
[4.126s] writing ../../build/swarm_navigation/swarm_navigation.egg-info/PKG-INFO
[4.127s] writing dependency_links to ../../build/swarm_navigation/swarm_navigation.egg-info/dependency_links.txt
[4.127s] writing entry points to ../../build/swarm_navigation/swarm_navigation.egg-info/entry_points.txt
[4.127s] writing requirements to ../../build/swarm_navigation/swarm_navigation.egg-info/requires.txt
[4.127s] writing top-level names to ../../build/swarm_navigation/swarm_navigation.egg-info/top_level.txt
[4.131s] reading manifest file '../../build/swarm_navigation/swarm_navigation.egg-info/SOURCES.txt'
[4.134s] writing manifest file '../../build/swarm_navigation/swarm_navigation.egg-info/SOURCES.txt'
[4.134s] running build
[4.134s] running build_py
[4.134s] creating /home/gowtham/crazyflie_ws/build/swarm_navigation/build
[4.136s] creating /home/gowtham/crazyflie_ws/build/swarm_navigation/build/lib
[4.136s] creating /home/gowtham/crazyflie_ws/build/swarm_navigation/build/lib/swarm_navigation
[4.136s] copying swarm_navigation/__init__.py -> /home/gowtham/crazyflie_ws/build/swarm_navigation/build/lib/swarm_navigation
[4.136s] copying swarm_navigation/navigation_node.py -> /home/gowtham/crazyflie_ws/build/swarm_navigation/build/lib/swarm_navigation
[4.136s] running install
[4.139s] running install_lib
[4.139s] creating /home/gowtham/crazyflie_ws/install/swarm_navigation/lib/python3.10/site-packages/swarm_navigation
[4.139s] copying /home/gowtham/crazyflie_ws/build/swarm_navigation/build/lib/swarm_navigation/__init__.py -> /home/gowtham/crazyflie_ws/install/swarm_navigation/lib/python3.10/site-packages/swarm_navigation
[4.139s] copying /home/gowtham/crazyflie_ws/build/swarm_navigation/build/lib/swarm_navigation/navigation_node.py -> /home/gowtham/crazyflie_ws/install/swarm_navigation/lib/python3.10/site-packages/swarm_navigation
[4.139s] byte-compiling /home/gowtham/crazyflie_ws/install/swarm_navigation/lib/python3.10/site-packages/swarm_navigation/__init__.py to __init__.cpython-310.pyc
[4.139s] byte-compiling /home/gowtham/crazyflie_ws/install/swarm_navigation/lib/python3.10/site-packages/swarm_navigation/navigation_node.py to navigation_node.cpython-310.pyc
[4.139s] running install_data
[4.140s] copying resource/swarm_navigation -> /home/gowtham/crazyflie_ws/install/swarm_navigation/share/ament_index/resource_index/packages
[4.141s] copying package.xml -> /home/gowtham/crazyflie_ws/install/swarm_navigation/share/swarm_navigation
[4.141s] running install_egg_info
[4.145s] Copying ../../build/swarm_navigation/swarm_navigation.egg-info to /home/gowtham/crazyflie_ws/install/swarm_navigation/lib/python3.10/site-packages/swarm_navigation-0.0.0-py3.10.egg-info
[4.146s] running install_scripts
[4.190s] Installing navigation_node script to /home/gowtham/crazyflie_ws/install/swarm_navigation/lib/swarm_navigation
[4.190s] writing list of installed files to '/home/gowtham/crazyflie_ws/build/swarm_navigation/install.log'
[4.255s] Invoked command in '/home/gowtham/crazyflie_ws/src/swarm_navigation' returned '0': PYTHONPATH=/home/gowtham/crazyflie_ws/build/swarm_navigation/prefix_override:/usr/lib/python3/dist-packages/colcon_core/task/python/colcon_distutils_commands:/home/gowtham/crazyflie_ws/install/swarm_navigation/lib/python3.10/site-packages:${PYTHONPATH} /usr/bin/python3 -W ignore:setup.py install is deprecated -W ignore:easy_install command is deprecated setup.py egg_info --egg-base ../../build/swarm_navigation build --build-base /home/gowtham/crazyflie_ws/build/swarm_navigation/build install --record /home/gowtham/crazyflie_ws/build/swarm_navigation/install.log --single-version-externally-managed install_data --force
