[2.319s] Invoking command in '/home/gowtham/crazyflie_ws/build/swarm_navigation': PYTHONPATH=/home/gowtham/crazyflie_ws/build/swarm_navigation/prefix_override:/usr/lib/python3/dist-packages/colcon_core/task/python/colcon_distutils_commands:/home/gowtham/crazyflie_ws/install/swarm_navigation/lib/python3.10/site-packages:${PYTHONPATH} /usr/bin/python3 -W ignore:setup.py install is deprecated -W ignore:easy_install command is deprecated setup.py develop --editable --build-directory /home/gowtham/crazyflie_ws/build/swarm_navigation/build --no-deps symlink_data
[2.944s] running develop
[3.355s] running egg_info
[3.355s] creating swarm_navigation.egg-info
[3.355s] writing swarm_navigation.egg-info/PKG-INFO
[3.355s] writing dependency_links to swarm_navigation.egg-info/dependency_links.txt
[3.355s] writing entry points to swarm_navigation.egg-info/entry_points.txt
[3.355s] writing requirements to swarm_navigation.egg-info/requires.txt
[3.356s] writing top-level names to swarm_navigation.egg-info/top_level.txt
[3.356s] writing manifest file 'swarm_navigation.egg-info/SOURCES.txt'
[3.359s] reading manifest file 'swarm_navigation.egg-info/SOURCES.txt'
[3.360s] writing manifest file 'swarm_navigation.egg-info/SOURCES.txt'
[3.362s] running build_ext
[3.363s] Creating /home/gowtham/crazyflie_ws/install/swarm_navigation/lib/python3.10/site-packages/swarm-navigation.egg-link (link to .)
[3.364s] Installing navigation_node script to /home/gowtham/crazyflie_ws/install/swarm_navigation/lib/swarm_navigation
[3.365s] 
[3.366s] Installed /home/gowtham/crazyflie_ws/build/swarm_navigation
[3.366s] running symlink_data
[3.366s] creating /home/gowtham/crazyflie_ws/install/swarm_navigation/share/ament_index
[3.367s] creating /home/gowtham/crazyflie_ws/install/swarm_navigation/share/ament_index/resource_index
[3.367s] creating /home/gowtham/crazyflie_ws/install/swarm_navigation/share/ament_index/resource_index/packages
[3.367s] symbolically linking /home/gowtham/crazyflie_ws/build/swarm_navigation/resource/swarm_navigation -> /home/gowtham/crazyflie_ws/install/swarm_navigation/share/ament_index/resource_index/packages
[3.367s] symbolically linking /home/gowtham/crazyflie_ws/build/swarm_navigation/package.xml -> /home/gowtham/crazyflie_ws/install/swarm_navigation/share/swarm_navigation
[3.410s] Invoked command in '/home/gowtham/crazyflie_ws/build/swarm_navigation' returned '0': PYTHONPATH=/home/gowtham/crazyflie_ws/build/swarm_navigation/prefix_override:/usr/lib/python3/dist-packages/colcon_core/task/python/colcon_distutils_commands:/home/gowtham/crazyflie_ws/install/swarm_navigation/lib/python3.10/site-packages:${PYTHONPATH} /usr/bin/python3 -W ignore:setup.py install is deprecated -W ignore:easy_install command is deprecated setup.py develop --editable --build-directory /home/gowtham/crazyflie_ws/build/swarm_navigation/build --no-deps symlink_data
