[2.288s] Invoking command in '/home/gowtham/crazyflie_ws/src/swarm_navigation': PYTHONPATH=/home/gowtham/crazyflie_ws/build/swarm_navigation/prefix_override:/usr/lib/python3/dist-packages/colcon_core/task/python/colcon_distutils_commands:/home/gowtham/crazyflie_ws/install/swarm_navigation/lib/python3.10/site-packages:${PYTHONPATH} /usr/bin/python3 -W ignore:setup.py install is deprecated -W ignore:easy_install command is deprecated setup.py egg_info --egg-base ../../build/swarm_navigation build --build-base /home/gowtham/crazyflie_ws/build/swarm_navigation/build install --record /home/gowtham/crazyflie_ws/build/swarm_navigation/install.log --single-version-externally-managed install_data
[3.085s] running egg_info
[3.087s] creating ../../build/swarm_navigation/swarm_navigation.egg-info
[3.088s] writing ../../build/swarm_navigation/swarm_navigation.egg-info/PKG-INFO
[3.090s] writing dependency_links to ../../build/swarm_navigation/swarm_navigation.egg-info/dependency_links.txt
[3.090s] writing entry points to ../../build/swarm_navigation/swarm_navigation.egg-info/entry_points.txt
[3.091s] writing requirements to ../../build/swarm_navigation/swarm_navigation.egg-info/requires.txt
[3.092s] writing top-level names to ../../build/swarm_navigation/swarm_navigation.egg-info/top_level.txt
[3.092s] writing manifest file '../../build/swarm_navigation/swarm_navigation.egg-info/SOURCES.txt'
[3.098s] reading manifest file '../../build/swarm_navigation/swarm_navigation.egg-info/SOURCES.txt'
[3.102s] writing manifest file '../../build/swarm_navigation/swarm_navigation.egg-info/SOURCES.txt'
[3.104s] running build
[3.105s] running build_py
[3.105s] creating /home/gowtham/crazyflie_ws/build/swarm_navigation/build
[3.106s] creating /home/gowtham/crazyflie_ws/build/swarm_navigation/build/lib
[3.106s] creating /home/gowtham/crazyflie_ws/build/swarm_navigation/build/lib/swarm_navigation
[3.106s] copying swarm_navigation/__init__.py -> /home/gowtham/crazyflie_ws/build/swarm_navigation/build/lib/swarm_navigation
[3.107s] copying swarm_navigation/navigation_node.py -> /home/gowtham/crazyflie_ws/build/swarm_navigation/build/lib/swarm_navigation
[3.109s] running install
[3.109s] running install_lib
[3.112s] creating /home/gowtham/crazyflie_ws/install/swarm_navigation/lib/python3.10/site-packages/swarm_navigation
[3.112s] copying /home/gowtham/crazyflie_ws/build/swarm_navigation/build/lib/swarm_navigation/__init__.py -> /home/gowtham/crazyflie_ws/install/swarm_navigation/lib/python3.10/site-packages/swarm_navigation
[3.112s] copying /home/gowtham/crazyflie_ws/build/swarm_navigation/build/lib/swarm_navigation/navigation_node.py -> /home/gowtham/crazyflie_ws/install/swarm_navigation/lib/python3.10/site-packages/swarm_navigation
[3.113s] byte-compiling /home/gowtham/crazyflie_ws/install/swarm_navigation/lib/python3.10/site-packages/swarm_navigation/__init__.py to __init__.cpython-310.pyc
[3.114s] byte-compiling /home/gowtham/crazyflie_ws/install/swarm_navigation/lib/python3.10/site-packages/swarm_navigation/navigation_node.py to navigation_node.cpython-310.pyc
[3.115s] running install_data
[3.116s] creating /home/gowtham/crazyflie_ws/install/swarm_navigation/share/ament_index
[3.116s] creating /home/gowtham/crazyflie_ws/install/swarm_navigation/share/ament_index/resource_index
[3.116s] creating /home/gowtham/crazyflie_ws/install/swarm_navigation/share/ament_index/resource_index/packages
[3.116s] copying resource/swarm_navigation -> /home/gowtham/crazyflie_ws/install/swarm_navigation/share/ament_index/resource_index/packages
[3.117s] copying package.xml -> /home/gowtham/crazyflie_ws/install/swarm_navigation/share/swarm_navigation
[3.117s] running install_egg_info
[3.122s] Copying ../../build/swarm_navigation/swarm_navigation.egg-info to /home/gowtham/crazyflie_ws/install/swarm_navigation/lib/python3.10/site-packages/swarm_navigation-0.0.0-py3.10.egg-info
[3.132s] running install_scripts
[3.179s] Installing navigation_node script to /home/gowtham/crazyflie_ws/install/swarm_navigation/lib/swarm_navigation
[3.179s] writing list of installed files to '/home/gowtham/crazyflie_ws/build/swarm_navigation/install.log'
[3.240s] Invoked command in '/home/gowtham/crazyflie_ws/src/swarm_navigation' returned '0': PYTHONPATH=/home/gowtham/crazyflie_ws/build/swarm_navigation/prefix_override:/usr/lib/python3/dist-packages/colcon_core/task/python/colcon_distutils_commands:/home/gowtham/crazyflie_ws/install/swarm_navigation/lib/python3.10/site-packages:${PYTHONPATH} /usr/bin/python3 -W ignore:setup.py install is deprecated -W ignore:easy_install command is deprecated setup.py egg_info --egg-base ../../build/swarm_navigation build --build-base /home/gowtham/crazyflie_ws/build/swarm_navigation/build install --record /home/gowtham/crazyflie_ws/build/swarm_navigation/install.log --single-version-externally-managed install_data
