[0.897s] Invoking command in '/home/gowtham/crazyflie_ws/src/swarm_navigation': PYTHONPATH=/home/gowtham/crazyflie_ws/build/swarm_navigation/prefix_override:/usr/lib/python3/dist-packages/colcon_core/task/python/colcon_distutils_commands:/home/gowtham/crazyflie_ws/install/swarm_navigation/lib/python3.10/site-packages:${PYTHONPATH} /usr/bin/python3 -W ignore:setup.py install is deprecated -W ignore:easy_install command is deprecated setup.py egg_info --egg-base ../../build/swarm_navigation build --build-base /home/gowtham/crazyflie_ws/build/swarm_navigation/build install --record /home/gowtham/crazyflie_ws/build/swarm_navigation/install.log --single-version-externally-managed install_data
[1.222s] running egg_info
[1.222s] writing ../../build/swarm_navigation/swarm_navigation.egg-info/PKG-INFO
[1.223s] writing dependency_links to ../../build/swarm_navigation/swarm_navigation.egg-info/dependency_links.txt
[1.223s] writing entry points to ../../build/swarm_navigation/swarm_navigation.egg-info/entry_points.txt
[1.223s] writing requirements to ../../build/swarm_navigation/swarm_navigation.egg-info/requires.txt
[1.223s] writing top-level names to ../../build/swarm_navigation/swarm_navigation.egg-info/top_level.txt
[1.226s] reading manifest file '../../build/swarm_navigation/swarm_navigation.egg-info/SOURCES.txt'
[1.227s] writing manifest file '../../build/swarm_navigation/swarm_navigation.egg-info/SOURCES.txt'
[1.228s] running build
[1.228s] running build_py
[1.228s] running install
[1.229s] running install_lib
[1.231s] running install_data
[1.232s] running install_egg_info
[1.234s] removing '/home/gowtham/crazyflie_ws/install/swarm_navigation/lib/python3.10/site-packages/swarm_navigation-0.0.0-py3.10.egg-info' (and everything under it)
[1.234s] Copying ../../build/swarm_navigation/swarm_navigation.egg-info to /home/gowtham/crazyflie_ws/install/swarm_navigation/lib/python3.10/site-packages/swarm_navigation-0.0.0-py3.10.egg-info
[1.236s] running install_scripts
[1.264s] Installing navigation_node script to /home/gowtham/crazyflie_ws/install/swarm_navigation/lib/swarm_navigation
[1.265s] writing list of installed files to '/home/gowtham/crazyflie_ws/build/swarm_navigation/install.log'
[1.306s] Invoked command in '/home/gowtham/crazyflie_ws/src/swarm_navigation' returned '0': PYTHONPATH=/home/gowtham/crazyflie_ws/build/swarm_navigation/prefix_override:/usr/lib/python3/dist-packages/colcon_core/task/python/colcon_distutils_commands:/home/gowtham/crazyflie_ws/install/swarm_navigation/lib/python3.10/site-packages:${PYTHONPATH} /usr/bin/python3 -W ignore:setup.py install is deprecated -W ignore:easy_install command is deprecated setup.py egg_info --egg-base ../../build/swarm_navigation build --build-base /home/gowtham/crazyflie_ws/build/swarm_navigation/build install --record /home/gowtham/crazyflie_ws/build/swarm_navigation/install.log --single-version-externally-managed install_data
