[2.468s] Invoking command in '/home/gowtham/crazyflie_ws/src/swarm_guidance': PYTHONPATH=/home/gowtham/crazyflie_ws/build/swarm_guidance/prefix_override:/usr/lib/python3/dist-packages/colcon_core/task/python/colcon_distutils_commands:/home/gowtham/crazyflie_ws/install/swarm_guidance/lib/python3.10/site-packages:${PYTHONPATH} /usr/bin/python3 -W ignore:setup.py install is deprecated -W ignore:easy_install command is deprecated setup.py egg_info --egg-base ../../build/swarm_guidance build --build-base /home/gowtham/crazyflie_ws/build/swarm_guidance/build install --record /home/gowtham/crazyflie_ws/build/swarm_guidance/install.log --single-version-externally-managed install_data
[3.191s] running egg_info
[3.192s] creating ../../build/swarm_guidance/swarm_guidance.egg-info
[3.193s] writing ../../build/swarm_guidance/swarm_guidance.egg-info/PKG-INFO
[3.193s] writing dependency_links to ../../build/swarm_guidance/swarm_guidance.egg-info/dependency_links.txt
[3.193s] writing entry points to ../../build/swarm_guidance/swarm_guidance.egg-info/entry_points.txt
[3.193s] writing requirements to ../../build/swarm_guidance/swarm_guidance.egg-info/requires.txt
[3.197s] writing top-level names to ../../build/swarm_guidance/swarm_guidance.egg-info/top_level.txt
[3.197s] writing manifest file '../../build/swarm_guidance/swarm_guidance.egg-info/SOURCES.txt'
[3.198s] reading manifest file '../../build/swarm_guidance/swarm_guidance.egg-info/SOURCES.txt'
[3.200s] writing manifest file '../../build/swarm_guidance/swarm_guidance.egg-info/SOURCES.txt'
[3.200s] running build
[3.200s] running build_py
[3.201s] creating /home/gowtham/crazyflie_ws/build/swarm_guidance/build
[3.202s] creating /home/gowtham/crazyflie_ws/build/swarm_guidance/build/lib
[3.203s] creating /home/gowtham/crazyflie_ws/build/swarm_guidance/build/lib/swarm_guidance
[3.204s] copying swarm_guidance/__init__.py -> /home/gowtham/crazyflie_ws/build/swarm_guidance/build/lib/swarm_guidance
[3.204s] copying swarm_guidance/guidance_node.py -> /home/gowtham/crazyflie_ws/build/swarm_guidance/build/lib/swarm_guidance
[3.204s] running install
[3.204s] running install_lib
[3.205s] creating /home/gowtham/crazyflie_ws/install/swarm_guidance/lib/python3.10/site-packages/swarm_guidance
[3.205s] copying /home/gowtham/crazyflie_ws/build/swarm_guidance/build/lib/swarm_guidance/__init__.py -> /home/gowtham/crazyflie_ws/install/swarm_guidance/lib/python3.10/site-packages/swarm_guidance
[3.206s] copying /home/gowtham/crazyflie_ws/build/swarm_guidance/build/lib/swarm_guidance/guidance_node.py -> /home/gowtham/crazyflie_ws/install/swarm_guidance/lib/python3.10/site-packages/swarm_guidance
[3.207s] byte-compiling /home/gowtham/crazyflie_ws/install/swarm_guidance/lib/python3.10/site-packages/swarm_guidance/__init__.py to __init__.cpython-310.pyc
[3.208s] byte-compiling /home/gowtham/crazyflie_ws/install/swarm_guidance/lib/python3.10/site-packages/swarm_guidance/guidance_node.py to guidance_node.cpython-310.pyc
[3.209s] running install_data
[3.209s] creating /home/gowtham/crazyflie_ws/install/swarm_guidance/share/ament_index
[3.209s] creating /home/gowtham/crazyflie_ws/install/swarm_guidance/share/ament_index/resource_index
[3.210s] creating /home/gowtham/crazyflie_ws/install/swarm_guidance/share/ament_index/resource_index/packages
[3.210s] copying resource/swarm_guidance -> /home/gowtham/crazyflie_ws/install/swarm_guidance/share/ament_index/resource_index/packages
[3.210s] copying package.xml -> /home/gowtham/crazyflie_ws/install/swarm_guidance/share/swarm_guidance
[3.211s] running install_egg_info
[3.215s] Copying ../../build/swarm_guidance/swarm_guidance.egg-info to /home/gowtham/crazyflie_ws/install/swarm_guidance/lib/python3.10/site-packages/swarm_guidance-0.0.0-py3.10.egg-info
[3.217s] running install_scripts
[3.266s] Installing guidance_node script to /home/gowtham/crazyflie_ws/install/swarm_guidance/lib/swarm_guidance
[3.267s] writing list of installed files to '/home/gowtham/crazyflie_ws/build/swarm_guidance/install.log'
[3.315s] Invoked command in '/home/gowtham/crazyflie_ws/src/swarm_guidance' returned '0': PYTHONPATH=/home/gowtham/crazyflie_ws/build/swarm_guidance/prefix_override:/usr/lib/python3/dist-packages/colcon_core/task/python/colcon_distutils_commands:/home/gowtham/crazyflie_ws/install/swarm_guidance/lib/python3.10/site-packages:${PYTHONPATH} /usr/bin/python3 -W ignore:setup.py install is deprecated -W ignore:easy_install command is deprecated setup.py egg_info --egg-base ../../build/swarm_guidance build --build-base /home/gowtham/crazyflie_ws/build/swarm_guidance/build install --record /home/gowtham/crazyflie_ws/build/swarm_guidance/install.log --single-version-externally-managed install_data
