[0.069s] Invoking command in '/home/gowtham/crazyflie_ws/build/crazyflie': CMAKE_PREFIX_PATH=/home/gowtham/crazyflie_ws/install/crazyflie_interfaces:/home/gowtham/crazyflie_ws/install/crazyflie_sim:/home/gowtham/crazyflie_ws/install/crazyflie_examples:/home/gowtham/crazyflie_ws/install/crazyflie:/home/gowtham/swarm_ws/install/crazyflie_sim:/home/gowtham/swarm_ws/install/crazyflie_examples:/home/gowtham/swarm_ws/install/crazyflie:/home/gowtham/swarm_ws/install/crazyflie_interfaces:/home/gowtham/crazyflie_ws/install/swarm_navigation:/home/gowtham/crazyflie_ws/install/swarm_guidance:/home/gowtham/crazyflie_ws/install/crazyflie_py:/home/gowtham/crazyflie_ws/install/central_swarm_control:/home/gowtham/swarm_ws/install/guidance_layer:/home/gowtham/swarm_ws/install/crazyflie_py:/home/gowtham/swarm_ws/install/control_layer:/home/gowtham/swarm_ws/install/consensus_controller:/opt/ros/humble /usr/bin/cmake --build /home/gowtham/crazyflie_ws/build/crazyflie -- -j4 -l4
[0.162s] [35m[1mConsolidate compiler generated dependencies of target teleop[0m
[0.175s] [35m[1mConsolidate compiler generated dependencies of target crazyflieLinkCpp[0m
[0.199s] [  5%] Built target teleop
[0.214s] [ 27%] Built target crazyflieLinkCpp
[0.238s] [35m[1mConsolidate compiler generated dependencies of target crazyflie_cpp[0m
[0.267s] [ 35%] Built target crazyflie_cpp
[0.318s] [35m[1mConsolidate compiler generated dependencies of target listLogVariables[0m
[0.321s] [35m[1mConsolidate compiler generated dependencies of target scan[0m
[0.325s] [35m[1mConsolidate compiler generated dependencies of target crazyflie_server[0m
[0.334s] [35m[1mConsolidate compiler generated dependencies of target listParams[0m
[0.406s] [ 40%] Built target listLogVariables
[0.427s] [ 45%] Built target crazyflie_server
[0.430s] [ 50%] Built target scan
[0.436s] [ 55%] Built target listParams
[0.457s] [35m[1mConsolidate compiler generated dependencies of target listMemories[0m
[0.483s] [35m[1mConsolidate compiler generated dependencies of target reboot[0m
[0.483s] [35m[1mConsolidate compiler generated dependencies of target battery[0m
[0.493s] [35m[1mConsolidate compiler generated dependencies of target version[0m
[0.537s] [ 60%] Built target listMemories
[0.568s] [ 65%] Built target reboot
[0.576s] [ 70%] Built target version
[0.577s] [ 75%] Built target battery
[0.596s] [35m[1mConsolidate compiler generated dependencies of target console[0m
[0.622s] [35m[1mConsolidate compiler generated dependencies of target log[0m
[0.626s] [35m[1mConsolidate compiler generated dependencies of target comCheck[0m
[0.638s] [35m[1mConsolidate compiler generated dependencies of target downloadUSDLogfile[0m
[0.674s] [ 80%] Built target console
[0.703s] [ 85%] Built target comCheck
[0.712s] [ 90%] Built target log
[0.717s] [ 95%] Built target downloadUSDLogfile
[0.725s] [35m[1mConsolidate compiler generated dependencies of target setParam[0m
[0.766s] [100%] Built target setParam
[0.795s] Invoked command in '/home/gowtham/crazyflie_ws/build/crazyflie' returned '0': CMAKE_PREFIX_PATH=/home/gowtham/crazyflie_ws/install/crazyflie_interfaces:/home/gowtham/crazyflie_ws/install/crazyflie_sim:/home/gowtham/crazyflie_ws/install/crazyflie_examples:/home/gowtham/crazyflie_ws/install/crazyflie:/home/gowtham/swarm_ws/install/crazyflie_sim:/home/gowtham/swarm_ws/install/crazyflie_examples:/home/gowtham/swarm_ws/install/crazyflie:/home/gowtham/swarm_ws/install/crazyflie_interfaces:/home/gowtham/crazyflie_ws/install/swarm_navigation:/home/gowtham/crazyflie_ws/install/swarm_guidance:/home/gowtham/crazyflie_ws/install/crazyflie_py:/home/gowtham/crazyflie_ws/install/central_swarm_control:/home/gowtham/swarm_ws/install/guidance_layer:/home/gowtham/swarm_ws/install/crazyflie_py:/home/gowtham/swarm_ws/install/control_layer:/home/gowtham/swarm_ws/install/consensus_controller:/opt/ros/humble /usr/bin/cmake --build /home/gowtham/crazyflie_ws/build/crazyflie -- -j4 -l4
[0.801s] Invoking command in '/home/gowtham/crazyflie_ws/build/crazyflie': CMAKE_PREFIX_PATH=/home/gowtham/crazyflie_ws/install/crazyflie_interfaces:/home/gowtham/crazyflie_ws/install/crazyflie_sim:/home/gowtham/crazyflie_ws/install/crazyflie_examples:/home/gowtham/crazyflie_ws/install/crazyflie:/home/gowtham/swarm_ws/install/crazyflie_sim:/home/gowtham/swarm_ws/install/crazyflie_examples:/home/gowtham/swarm_ws/install/crazyflie:/home/gowtham/swarm_ws/install/crazyflie_interfaces:/home/gowtham/crazyflie_ws/install/swarm_navigation:/home/gowtham/crazyflie_ws/install/swarm_guidance:/home/gowtham/crazyflie_ws/install/crazyflie_py:/home/gowtham/crazyflie_ws/install/central_swarm_control:/home/gowtham/swarm_ws/install/guidance_layer:/home/gowtham/swarm_ws/install/crazyflie_py:/home/gowtham/swarm_ws/install/control_layer:/home/gowtham/swarm_ws/install/consensus_controller:/opt/ros/humble /usr/bin/cmake --install /home/gowtham/crazyflie_ws/build/crazyflie
[0.820s] -- Install configuration: ""
[0.821s] -- Up-to-date: /home/gowtham/crazyflie_ws/install/crazyflie/lib/crazyflie/comCheck
[0.822s] -- Up-to-date: /home/gowtham/crazyflie_ws/install/crazyflie/lib/crazyflie/scan
[0.824s] -- Up-to-date: /home/gowtham/crazyflie_ws/install/crazyflie/lib/crazyflie/listParams
[0.825s] -- Up-to-date: /home/gowtham/crazyflie_ws/install/crazyflie/lib/crazyflie/listLogVariables
[0.826s] -- Up-to-date: /home/gowtham/crazyflie_ws/install/crazyflie/lib/crazyflie/listMemories
[0.828s] -- Up-to-date: /home/gowtham/crazyflie_ws/install/crazyflie/lib/crazyflie/reboot
[0.829s] -- Up-to-date: /home/gowtham/crazyflie_ws/install/crazyflie/lib/crazyflie/battery
[0.831s] -- Up-to-date: /home/gowtham/crazyflie_ws/install/crazyflie/lib/crazyflie/version
[0.835s] -- Up-to-date: /home/gowtham/crazyflie_ws/install/crazyflie/lib/crazyflie/console
[0.837s] -- Up-to-date: /home/gowtham/crazyflie_ws/install/crazyflie/lib/crazyflie/log
[0.838s] -- Up-to-date: /home/gowtham/crazyflie_ws/install/crazyflie/lib/crazyflie/setParam
[0.838s] -- Up-to-date: /home/gowtham/crazyflie_ws/install/crazyflie/lib/crazyflie/downloadUSDLogfile
[0.839s] -- Up-to-date: /home/gowtham/crazyflie_ws/install/crazyflie/lib/crazyflie/teleop
[0.841s] -- Up-to-date: /home/gowtham/crazyflie_ws/install/crazyflie/lib/crazyflie/crazyflie_server
[0.841s] -- Up-to-date: /home/gowtham/crazyflie_ws/install/crazyflie/lib/crazyflie/crazyflie_server.py
[0.842s] -- Up-to-date: /home/gowtham/crazyflie_ws/install/crazyflie/lib/crazyflie/chooser.py
[0.842s] -- Up-to-date: /home/gowtham/crazyflie_ws/install/crazyflie/lib/crazyflie/vel_mux.py
[0.842s] -- Up-to-date: /home/gowtham/crazyflie_ws/install/crazyflie/lib/crazyflie/cfmult.py
[0.843s] -- Up-to-date: /home/gowtham/crazyflie_ws/install/crazyflie/lib/crazyflie/simple_mapper_multiranger.py
[0.843s] -- Up-to-date: /home/gowtham/crazyflie_ws/install/crazyflie/lib/crazyflie/aideck_streamer.py
[0.844s] -- Up-to-date: /home/gowtham/crazyflie_ws/install/crazyflie/lib/crazyflie/gui.py
[0.844s] -- Up-to-date: /home/gowtham/crazyflie_ws/install/crazyflie/lib/crazyflie/flash.py
[0.844s] -- Up-to-date: /home/gowtham/crazyflie_ws/install/crazyflie/share/crazyflie//launch
[0.845s] -- Up-to-date: /home/gowtham/crazyflie_ws/install/crazyflie/share/crazyflie//launch/teleop_launch.py
[0.845s] -- Up-to-date: /home/gowtham/crazyflie_ws/install/crazyflie/share/crazyflie//launch/launch_teleop2.py
[0.845s] -- Up-to-date: /home/gowtham/crazyflie_ws/install/crazyflie/share/crazyflie//launch/launch.py
[0.846s] -- Up-to-date: /home/gowtham/crazyflie_ws/install/crazyflie/share/crazyflie//config
[0.846s] -- Up-to-date: /home/gowtham/crazyflie_ws/install/crazyflie/share/crazyflie//config/crazyflies.yaml
[0.847s] -- Up-to-date: /home/gowtham/crazyflie_ws/install/crazyflie/share/crazyflie//config/motion_capture.yaml
[0.847s] -- Up-to-date: /home/gowtham/crazyflie_ws/install/crazyflie/share/crazyflie//config/config.rviz
[0.847s] -- Up-to-date: /home/gowtham/crazyflie_ws/install/crazyflie/share/crazyflie//config/server.yaml
[0.847s] -- Up-to-date: /home/gowtham/crazyflie_ws/install/crazyflie/share/crazyflie//config/aideck_streamer.yaml
[0.848s] -- Up-to-date: /home/gowtham/crazyflie_ws/install/crazyflie/share/crazyflie//config/teleop.yaml
[0.848s] -- Up-to-date: /home/gowtham/crazyflie_ws/install/crazyflie/share/crazyflie//urdf
[0.848s] -- Up-to-date: /home/gowtham/crazyflie_ws/install/crazyflie/share/crazyflie//urdf/cf2_assembly.stl
[0.848s] -- Up-to-date: /home/gowtham/crazyflie_ws/install/crazyflie/share/crazyflie//urdf/cf2_assembly_with_props.dae
[0.849s] -- Up-to-date: /home/gowtham/crazyflie_ws/install/crazyflie/share/crazyflie//urdf/crazyflie_description.urdf
[0.849s] -- Up-to-date: /home/gowtham/crazyflie_ws/install/crazyflie/share/ament_index/resource_index/package_run_dependencies/crazyflie
[0.849s] -- Up-to-date: /home/gowtham/crazyflie_ws/install/crazyflie/share/ament_index/resource_index/parent_prefix_path/crazyflie
[0.850s] -- Up-to-date: /home/gowtham/crazyflie_ws/install/crazyflie/share/crazyflie/environment/ament_prefix_path.sh
[0.850s] -- Up-to-date: /home/gowtham/crazyflie_ws/install/crazyflie/share/crazyflie/environment/ament_prefix_path.dsv
[0.851s] -- Up-to-date: /home/gowtham/crazyflie_ws/install/crazyflie/share/crazyflie/environment/path.sh
[0.851s] -- Up-to-date: /home/gowtham/crazyflie_ws/install/crazyflie/share/crazyflie/environment/path.dsv
[0.852s] -- Up-to-date: /home/gowtham/crazyflie_ws/install/crazyflie/share/crazyflie/local_setup.bash
[0.852s] -- Up-to-date: /home/gowtham/crazyflie_ws/install/crazyflie/share/crazyflie/local_setup.sh
[0.853s] -- Up-to-date: /home/gowtham/crazyflie_ws/install/crazyflie/share/crazyflie/local_setup.zsh
[0.853s] -- Up-to-date: /home/gowtham/crazyflie_ws/install/crazyflie/share/crazyflie/local_setup.dsv
[0.854s] -- Installing: /home/gowtham/crazyflie_ws/install/crazyflie/share/crazyflie/package.dsv
[0.854s] -- Up-to-date: /home/gowtham/crazyflie_ws/install/crazyflie/share/ament_index/resource_index/packages/crazyflie
[0.855s] -- Up-to-date: /home/gowtham/crazyflie_ws/install/crazyflie/share/crazyflie/cmake/crazyflieConfig.cmake
[0.858s] -- Up-to-date: /home/gowtham/crazyflie_ws/install/crazyflie/share/crazyflie/cmake/crazyflieConfig-version.cmake
[0.858s] -- Up-to-date: /home/gowtham/crazyflie_ws/install/crazyflie/share/crazyflie/package.xml
[0.863s] Invoked command in '/home/gowtham/crazyflie_ws/build/crazyflie' returned '0': CMAKE_PREFIX_PATH=/home/gowtham/crazyflie_ws/install/crazyflie_interfaces:/home/gowtham/crazyflie_ws/install/crazyflie_sim:/home/gowtham/crazyflie_ws/install/crazyflie_examples:/home/gowtham/crazyflie_ws/install/crazyflie:/home/gowtham/swarm_ws/install/crazyflie_sim:/home/gowtham/swarm_ws/install/crazyflie_examples:/home/gowtham/swarm_ws/install/crazyflie:/home/gowtham/swarm_ws/install/crazyflie_interfaces:/home/gowtham/crazyflie_ws/install/swarm_navigation:/home/gowtham/crazyflie_ws/install/swarm_guidance:/home/gowtham/crazyflie_ws/install/crazyflie_py:/home/gowtham/crazyflie_ws/install/central_swarm_control:/home/gowtham/swarm_ws/install/guidance_layer:/home/gowtham/swarm_ws/install/crazyflie_py:/home/gowtham/swarm_ws/install/control_layer:/home/gowtham/swarm_ws/install/consensus_controller:/opt/ros/humble /usr/bin/cmake --install /home/gowtham/crazyflie_ws/build/crazyflie
