[1.158s] Invoking command in '/home/gowtham/crazyflie_ws/build/crazyflie_py': CMAKE_PREFIX_PATH=/home/gowtham/crazyflie_ws/install/crazyflie_interfaces:/home/gowtham/crazyflie_ws/install/crazyflie_sim:/home/gowtham/crazyflie_ws/install/crazyflie_examples:/home/gowtham/crazyflie_ws/install/crazyflie:/home/gowtham/swarm_ws/install/crazyflie_sim:/home/gowtham/swarm_ws/install/crazyflie_examples:/home/gowtham/swarm_ws/install/crazyflie:/home/gowtham/swarm_ws/install/crazyflie_interfaces PYTHONPATH=/home/gowtham/crazyflie_ws/build/crazyflie_py/prefix_override:/usr/lib/python3/dist-packages/colcon_core/task/python/colcon_distutils_commands:/home/gowtham/crazyflie_ws/install/crazyflie_py/lib/python3.10/site-packages:${PYTHONPATH} /usr/bin/python3 -W ignore:setup.py install is deprecated -W ignore:easy_install command is deprecated setup.py develop --uninstall --editable --build-directory /home/gowtham/crazyflie_ws/build/crazyflie_py/build
[1.787s] running develop
[2.154s] Removing /home/gowtham/crazyflie_ws/install/crazyflie_py/lib/python3.10/site-packages/crazyflie-py.egg-link (link to .)
[2.241s] Invoked command in '/home/gowtham/crazyflie_ws/build/crazyflie_py' returned '0': CMAKE_PREFIX_PATH=/home/gowtham/crazyflie_ws/install/crazyflie_interfaces:/home/gowtham/crazyflie_ws/install/crazyflie_sim:/home/gowtham/crazyflie_ws/install/crazyflie_examples:/home/gowtham/crazyflie_ws/install/crazyflie:/home/gowtham/swarm_ws/install/crazyflie_sim:/home/gowtham/swarm_ws/install/crazyflie_examples:/home/gowtham/swarm_ws/install/crazyflie:/home/gowtham/swarm_ws/install/crazyflie_interfaces PYTHONPATH=/home/gowtham/crazyflie_ws/build/crazyflie_py/prefix_override:/usr/lib/python3/dist-packages/colcon_core/task/python/colcon_distutils_commands:/home/gowtham/crazyflie_ws/install/crazyflie_py/lib/python3.10/site-packages:${PYTHONPATH} /usr/bin/python3 -W ignore:setup.py install is deprecated -W ignore:easy_install command is deprecated setup.py develop --uninstall --editable --build-directory /home/gowtham/crazyflie_ws/build/crazyflie_py/build
[2.242s] Invoking command in '/home/gowtham/crazyflie_ws/src/crazyswarm2/crazyflie_py': CMAKE_PREFIX_PATH=/home/gowtham/crazyflie_ws/install/crazyflie_interfaces:/home/gowtham/crazyflie_ws/install/crazyflie_sim:/home/gowtham/crazyflie_ws/install/crazyflie_examples:/home/gowtham/crazyflie_ws/install/crazyflie:/home/gowtham/swarm_ws/install/crazyflie_sim:/home/gowtham/swarm_ws/install/crazyflie_examples:/home/gowtham/swarm_ws/install/crazyflie:/home/gowtham/swarm_ws/install/crazyflie_interfaces PYTHONPATH=/home/gowtham/crazyflie_ws/build/crazyflie_py/prefix_override:/usr/lib/python3/dist-packages/colcon_core/task/python/colcon_distutils_commands:/home/gowtham/crazyflie_ws/install/crazyflie_py/lib/python3.10/site-packages:${PYTHONPATH} /usr/bin/python3 -W ignore:setup.py install is deprecated -W ignore:easy_install command is deprecated setup.py egg_info --egg-base ../../../build/crazyflie_py build --build-base /home/gowtham/crazyflie_ws/build/crazyflie_py/build install --record /home/gowtham/crazyflie_ws/build/crazyflie_py/install.log --single-version-externally-managed install_data --force
[2.723s] running egg_info
[2.725s] writing ../../../build/crazyflie_py/crazyflie_py.egg-info/PKG-INFO
[2.725s] writing dependency_links to ../../../build/crazyflie_py/crazyflie_py.egg-info/dependency_links.txt
[2.725s] writing entry points to ../../../build/crazyflie_py/crazyflie_py.egg-info/entry_points.txt
[2.725s] writing requirements to ../../../build/crazyflie_py/crazyflie_py.egg-info/requires.txt
[2.725s] writing top-level names to ../../../build/crazyflie_py/crazyflie_py.egg-info/top_level.txt
[2.731s] reading manifest file '../../../build/crazyflie_py/crazyflie_py.egg-info/SOURCES.txt'
[2.731s] writing manifest file '../../../build/crazyflie_py/crazyflie_py.egg-info/SOURCES.txt'
[2.731s] running build
[2.731s] running build_py
[2.734s] creating /home/gowtham/crazyflie_ws/build/crazyflie_py/build
[2.734s] creating /home/gowtham/crazyflie_ws/build/crazyflie_py/build/lib
[2.734s] creating /home/gowtham/crazyflie_ws/build/crazyflie_py/build/lib/crazyflie_py
[2.734s] copying crazyflie_py/crazyswarm_py.py -> /home/gowtham/crazyflie_ws/build/crazyflie_py/build/lib/crazyflie_py
[2.734s] copying crazyflie_py/__init__.py -> /home/gowtham/crazyflie_ws/build/crazyflie_py/build/lib/crazyflie_py
[2.734s] copying crazyflie_py/crazyflie.py -> /home/gowtham/crazyflie_ws/build/crazyflie_py/build/lib/crazyflie_py
[2.735s] copying crazyflie_py/uav_trajectory.py -> /home/gowtham/crazyflie_ws/build/crazyflie_py/build/lib/crazyflie_py
[2.735s] copying crazyflie_py/linuxjsdev.py -> /home/gowtham/crazyflie_ws/build/crazyflie_py/build/lib/crazyflie_py
[2.735s] copying crazyflie_py/joystick.py -> /home/gowtham/crazyflie_ws/build/crazyflie_py/build/lib/crazyflie_py
[2.735s] copying crazyflie_py/keyboard.py -> /home/gowtham/crazyflie_ws/build/crazyflie_py/build/lib/crazyflie_py
[2.735s] copying crazyflie_py/util.py -> /home/gowtham/crazyflie_ws/build/crazyflie_py/build/lib/crazyflie_py
[2.735s] copying crazyflie_py/genericJoystick.py -> /home/gowtham/crazyflie_ws/build/crazyflie_py/build/lib/crazyflie_py
[2.736s] running install
[2.736s] running install_lib
[2.738s] creating /home/gowtham/crazyflie_ws/install/crazyflie_py/lib/python3.10/site-packages/crazyflie_py
[2.738s] copying /home/gowtham/crazyflie_ws/build/crazyflie_py/build/lib/crazyflie_py/crazyswarm_py.py -> /home/gowtham/crazyflie_ws/install/crazyflie_py/lib/python3.10/site-packages/crazyflie_py
[2.738s] copying /home/gowtham/crazyflie_ws/build/crazyflie_py/build/lib/crazyflie_py/__init__.py -> /home/gowtham/crazyflie_ws/install/crazyflie_py/lib/python3.10/site-packages/crazyflie_py
[2.739s] copying /home/gowtham/crazyflie_ws/build/crazyflie_py/build/lib/crazyflie_py/crazyflie.py -> /home/gowtham/crazyflie_ws/install/crazyflie_py/lib/python3.10/site-packages/crazyflie_py
[2.739s] copying /home/gowtham/crazyflie_ws/build/crazyflie_py/build/lib/crazyflie_py/uav_trajectory.py -> /home/gowtham/crazyflie_ws/install/crazyflie_py/lib/python3.10/site-packages/crazyflie_py
[2.739s] copying /home/gowtham/crazyflie_ws/build/crazyflie_py/build/lib/crazyflie_py/linuxjsdev.py -> /home/gowtham/crazyflie_ws/install/crazyflie_py/lib/python3.10/site-packages/crazyflie_py
[2.740s] copying /home/gowtham/crazyflie_ws/build/crazyflie_py/build/lib/crazyflie_py/joystick.py -> /home/gowtham/crazyflie_ws/install/crazyflie_py/lib/python3.10/site-packages/crazyflie_py
[2.741s] copying /home/gowtham/crazyflie_ws/build/crazyflie_py/build/lib/crazyflie_py/keyboard.py -> /home/gowtham/crazyflie_ws/install/crazyflie_py/lib/python3.10/site-packages/crazyflie_py
[2.741s] copying /home/gowtham/crazyflie_ws/build/crazyflie_py/build/lib/crazyflie_py/util.py -> /home/gowtham/crazyflie_ws/install/crazyflie_py/lib/python3.10/site-packages/crazyflie_py
[2.741s] copying /home/gowtham/crazyflie_ws/build/crazyflie_py/build/lib/crazyflie_py/genericJoystick.py -> /home/gowtham/crazyflie_ws/install/crazyflie_py/lib/python3.10/site-packages/crazyflie_py
[2.742s] byte-compiling /home/gowtham/crazyflie_ws/install/crazyflie_py/lib/python3.10/site-packages/crazyflie_py/crazyswarm_py.py to crazyswarm_py.cpython-310.pyc
[2.742s] byte-compiling /home/gowtham/crazyflie_ws/install/crazyflie_py/lib/python3.10/site-packages/crazyflie_py/__init__.py to __init__.cpython-310.pyc
[2.743s] byte-compiling /home/gowtham/crazyflie_ws/install/crazyflie_py/lib/python3.10/site-packages/crazyflie_py/crazyflie.py to crazyflie.cpython-310.pyc
[2.752s] byte-compiling /home/gowtham/crazyflie_ws/install/crazyflie_py/lib/python3.10/site-packages/crazyflie_py/uav_trajectory.py to uav_trajectory.cpython-310.pyc
[2.752s] byte-compiling /home/gowtham/crazyflie_ws/install/crazyflie_py/lib/python3.10/site-packages/crazyflie_py/linuxjsdev.py to linuxjsdev.cpython-310.pyc
[2.753s] byte-compiling /home/gowtham/crazyflie_ws/install/crazyflie_py/lib/python3.10/site-packages/crazyflie_py/joystick.py to joystick.cpython-310.pyc
[2.754s] byte-compiling /home/gowtham/crazyflie_ws/install/crazyflie_py/lib/python3.10/site-packages/crazyflie_py/keyboard.py to keyboard.cpython-310.pyc
[2.755s] byte-compiling /home/gowtham/crazyflie_ws/install/crazyflie_py/lib/python3.10/site-packages/crazyflie_py/util.py to util.cpython-310.pyc
[2.756s] byte-compiling /home/gowtham/crazyflie_ws/install/crazyflie_py/lib/python3.10/site-packages/crazyflie_py/genericJoystick.py to genericJoystick.cpython-310.pyc
[2.757s] running install_data
[2.757s] copying resource/crazyflie_py -> /home/gowtham/crazyflie_ws/install/crazyflie_py/share/ament_index/resource_index/packages
[2.757s] copying package.xml -> /home/gowtham/crazyflie_ws/install/crazyflie_py/share/crazyflie_py
[2.757s] running install_egg_info
[2.763s] Copying ../../../build/crazyflie_py/crazyflie_py.egg-info to /home/gowtham/crazyflie_ws/install/crazyflie_py/lib/python3.10/site-packages/crazyflie_py-1.0.3-py3.10.egg-info
[2.764s] running install_scripts
[2.803s] writing list of installed files to '/home/gowtham/crazyflie_ws/build/crazyflie_py/install.log'
[2.854s] Invoked command in '/home/gowtham/crazyflie_ws/src/crazyswarm2/crazyflie_py' returned '0': CMAKE_PREFIX_PATH=/home/gowtham/crazyflie_ws/install/crazyflie_interfaces:/home/gowtham/crazyflie_ws/install/crazyflie_sim:/home/gowtham/crazyflie_ws/install/crazyflie_examples:/home/gowtham/crazyflie_ws/install/crazyflie:/home/gowtham/swarm_ws/install/crazyflie_sim:/home/gowtham/swarm_ws/install/crazyflie_examples:/home/gowtham/swarm_ws/install/crazyflie:/home/gowtham/swarm_ws/install/crazyflie_interfaces PYTHONPATH=/home/gowtham/crazyflie_ws/build/crazyflie_py/prefix_override:/usr/lib/python3/dist-packages/colcon_core/task/python/colcon_distutils_commands:/home/gowtham/crazyflie_ws/install/crazyflie_py/lib/python3.10/site-packages:${PYTHONPATH} /usr/bin/python3 -W ignore:setup.py install is deprecated -W ignore:easy_install command is deprecated setup.py egg_info --egg-base ../../../build/crazyflie_py build --build-base /home/gowtham/crazyflie_ws/build/crazyflie_py/build install --record /home/gowtham/crazyflie_ws/build/crazyflie_py/install.log --single-version-externally-managed install_data --force
