[0.030s] Invoking command in '/home/gowtham/crazyflie_ws/build/crazyflie': CMAKE_PREFIX_PATH=/home/gowtham/crazyflie_ws/install/crazyflie_interfaces:/home/gowtham/crazyflie_ws/install/crazyflie_sim:/home/gowtham/crazyflie_ws/install/crazyflie_examples:/home/gowtham/crazyflie_ws/install/crazyflie:/home/gowtham/swarm_ws/install/crazyflie_sim:/home/gowtham/swarm_ws/install/crazyflie_examples:/home/gowtham/swarm_ws/install/crazyflie:/home/gowtham/swarm_ws/install/crazyflie_interfaces:/home/gowtham/crazyflie_ws/install/swarm_navigation:/home/gowtham/crazyflie_ws/install/swarm_guidance:/home/gowtham/crazyflie_ws/install/crazyflie_py:/home/gowtham/crazyflie_ws/install/central_swarm_control:/home/gowtham/swarm_ws/install/guidance_layer:/home/gowtham/swarm_ws/install/crazyflie_py:/home/gowtham/swarm_ws/install/control_layer:/home/gowtham/swarm_ws/install/consensus_controller:/opt/ros/humble /usr/bin/cmake --build /home/gowtham/crazyflie_ws/build/crazyflie -- -j4 -l4
[0.171s] [  5%] Built target teleop
[0.177s] [ 27%] Built target crazyflieLinkCpp
[0.237s] [ 35%] Built target crazyflie_cpp
[0.315s] [ 40%] Built target scan
[0.325s] [ 45%] Built target crazyflie_server
[0.326s] [ 50%] Built target listParams
[0.338s] [ 55%] Built target listLogVariables
[0.399s] [ 60%] Built target listMemories
[0.421s] [ 65%] Built target reboot
[0.426s] [ 70%] Built target version
[0.430s] [ 75%] Built target battery
[0.483s] [ 80%] Built target console
[0.517s] [ 85%] Built target comCheck
[0.535s] [ 90%] Built target downloadUSDLogfile
[0.541s] [ 95%] Built target log
[0.566s] [100%] Built target setParam
[0.590s] Invoked command in '/home/gowtham/crazyflie_ws/build/crazyflie' returned '0': CMAKE_PREFIX_PATH=/home/gowtham/crazyflie_ws/install/crazyflie_interfaces:/home/gowtham/crazyflie_ws/install/crazyflie_sim:/home/gowtham/crazyflie_ws/install/crazyflie_examples:/home/gowtham/crazyflie_ws/install/crazyflie:/home/gowtham/swarm_ws/install/crazyflie_sim:/home/gowtham/swarm_ws/install/crazyflie_examples:/home/gowtham/swarm_ws/install/crazyflie:/home/gowtham/swarm_ws/install/crazyflie_interfaces:/home/gowtham/crazyflie_ws/install/swarm_navigation:/home/gowtham/crazyflie_ws/install/swarm_guidance:/home/gowtham/crazyflie_ws/install/crazyflie_py:/home/gowtham/crazyflie_ws/install/central_swarm_control:/home/gowtham/swarm_ws/install/guidance_layer:/home/gowtham/swarm_ws/install/crazyflie_py:/home/gowtham/swarm_ws/install/control_layer:/home/gowtham/swarm_ws/install/consensus_controller:/opt/ros/humble /usr/bin/cmake --build /home/gowtham/crazyflie_ws/build/crazyflie -- -j4 -l4
[0.592s] Invoking command in '/home/gowtham/crazyflie_ws/build/crazyflie': CMAKE_PREFIX_PATH=/home/gowtham/crazyflie_ws/install/crazyflie_interfaces:/home/gowtham/crazyflie_ws/install/crazyflie_sim:/home/gowtham/crazyflie_ws/install/crazyflie_examples:/home/gowtham/crazyflie_ws/install/crazyflie:/home/gowtham/swarm_ws/install/crazyflie_sim:/home/gowtham/swarm_ws/install/crazyflie_examples:/home/gowtham/swarm_ws/install/crazyflie:/home/gowtham/swarm_ws/install/crazyflie_interfaces:/home/gowtham/crazyflie_ws/install/swarm_navigation:/home/gowtham/crazyflie_ws/install/swarm_guidance:/home/gowtham/crazyflie_ws/install/crazyflie_py:/home/gowtham/crazyflie_ws/install/central_swarm_control:/home/gowtham/swarm_ws/install/guidance_layer:/home/gowtham/swarm_ws/install/crazyflie_py:/home/gowtham/swarm_ws/install/control_layer:/home/gowtham/swarm_ws/install/consensus_controller:/opt/ros/humble /usr/bin/cmake --install /home/gowtham/crazyflie_ws/build/crazyflie
[0.608s] -- Install configuration: ""
[0.608s] -- Up-to-date: /home/gowtham/crazyflie_ws/install/crazyflie/lib/crazyflie/comCheck
[0.608s] -- Up-to-date: /home/gowtham/crazyflie_ws/install/crazyflie/lib/crazyflie/scan
[0.610s] -- Up-to-date: /home/gowtham/crazyflie_ws/install/crazyflie/lib/crazyflie/listParams
[0.610s] -- Up-to-date: /home/gowtham/crazyflie_ws/install/crazyflie/lib/crazyflie/listLogVariables
[0.610s] -- Up-to-date: /home/gowtham/crazyflie_ws/install/crazyflie/lib/crazyflie/listMemories
[0.610s] -- Up-to-date: /home/gowtham/crazyflie_ws/install/crazyflie/lib/crazyflie/reboot
[0.611s] -- Up-to-date: /home/gowtham/crazyflie_ws/install/crazyflie/lib/crazyflie/battery
[0.611s] -- Up-to-date: /home/gowtham/crazyflie_ws/install/crazyflie/lib/crazyflie/version
[0.612s] -- Up-to-date: /home/gowtham/crazyflie_ws/install/crazyflie/lib/crazyflie/console
[0.612s] -- Up-to-date: /home/gowtham/crazyflie_ws/install/crazyflie/lib/crazyflie/log
[0.612s] -- Up-to-date: /home/gowtham/crazyflie_ws/install/crazyflie/lib/crazyflie/setParam
[0.612s] -- Up-to-date: /home/gowtham/crazyflie_ws/install/crazyflie/lib/crazyflie/downloadUSDLogfile
[0.615s] -- Up-to-date: /home/gowtham/crazyflie_ws/install/crazyflie/lib/crazyflie/teleop
[0.615s] -- Up-to-date: /home/gowtham/crazyflie_ws/install/crazyflie/lib/crazyflie/crazyflie_server
[0.615s] -- Up-to-date: /home/gowtham/crazyflie_ws/install/crazyflie/lib/crazyflie/crazyflie_server.py
[0.615s] -- Up-to-date: /home/gowtham/crazyflie_ws/install/crazyflie/lib/crazyflie/chooser.py
[0.616s] -- Up-to-date: /home/gowtham/crazyflie_ws/install/crazyflie/lib/crazyflie/vel_mux.py
[0.616s] -- Up-to-date: /home/gowtham/crazyflie_ws/install/crazyflie/lib/crazyflie/cfmult.py
[0.616s] -- Up-to-date: /home/gowtham/crazyflie_ws/install/crazyflie/lib/crazyflie/simple_mapper_multiranger.py
[0.616s] -- Up-to-date: /home/gowtham/crazyflie_ws/install/crazyflie/lib/crazyflie/aideck_streamer.py
[0.616s] -- Up-to-date: /home/gowtham/crazyflie_ws/install/crazyflie/lib/crazyflie/gui.py
[0.616s] -- Up-to-date: /home/gowtham/crazyflie_ws/install/crazyflie/lib/crazyflie/flash.py
[0.616s] -- Up-to-date: /home/gowtham/crazyflie_ws/install/crazyflie/share/crazyflie//launch
[0.616s] -- Up-to-date: /home/gowtham/crazyflie_ws/install/crazyflie/share/crazyflie//launch/teleop_launch.py
[0.616s] -- Up-to-date: /home/gowtham/crazyflie_ws/install/crazyflie/share/crazyflie//launch/launch_teleop2.py
[0.617s] -- Up-to-date: /home/gowtham/crazyflie_ws/install/crazyflie/share/crazyflie//launch/launch.py
[0.617s] -- Up-to-date: /home/gowtham/crazyflie_ws/install/crazyflie/share/crazyflie//config
[0.617s] -- Up-to-date: /home/gowtham/crazyflie_ws/install/crazyflie/share/crazyflie//config/crazyflies.yaml
[0.617s] -- Up-to-date: /home/gowtham/crazyflie_ws/install/crazyflie/share/crazyflie//config/motion_capture.yaml
[0.620s] -- Up-to-date: /home/gowtham/crazyflie_ws/install/crazyflie/share/crazyflie//config/config.rviz
[0.620s] -- Up-to-date: /home/gowtham/crazyflie_ws/install/crazyflie/share/crazyflie//config/server.yaml
[0.621s] -- Up-to-date: /home/gowtham/crazyflie_ws/install/crazyflie/share/crazyflie//config/aideck_streamer.yaml
[0.621s] -- Up-to-date: /home/gowtham/crazyflie_ws/install/crazyflie/share/crazyflie//config/teleop.yaml
[0.621s] -- Up-to-date: /home/gowtham/crazyflie_ws/install/crazyflie/share/crazyflie//urdf
[0.621s] -- Up-to-date: /home/gowtham/crazyflie_ws/install/crazyflie/share/crazyflie//urdf/cf2_assembly.stl
[0.621s] -- Up-to-date: /home/gowtham/crazyflie_ws/install/crazyflie/share/crazyflie//urdf/cf2_assembly_with_props.dae
[0.621s] -- Up-to-date: /home/gowtham/crazyflie_ws/install/crazyflie/share/crazyflie//urdf/crazyflie_description.urdf
[0.621s] -- Up-to-date: /home/gowtham/crazyflie_ws/install/crazyflie/share/ament_index/resource_index/package_run_dependencies/crazyflie
[0.622s] -- Up-to-date: /home/gowtham/crazyflie_ws/install/crazyflie/share/ament_index/resource_index/parent_prefix_path/crazyflie
[0.622s] -- Up-to-date: /home/gowtham/crazyflie_ws/install/crazyflie/share/crazyflie/environment/ament_prefix_path.sh
[0.622s] -- Up-to-date: /home/gowtham/crazyflie_ws/install/crazyflie/share/crazyflie/environment/ament_prefix_path.dsv
[0.622s] -- Up-to-date: /home/gowtham/crazyflie_ws/install/crazyflie/share/crazyflie/environment/path.sh
[0.622s] -- Up-to-date: /home/gowtham/crazyflie_ws/install/crazyflie/share/crazyflie/environment/path.dsv
[0.622s] -- Up-to-date: /home/gowtham/crazyflie_ws/install/crazyflie/share/crazyflie/local_setup.bash
[0.622s] -- Up-to-date: /home/gowtham/crazyflie_ws/install/crazyflie/share/crazyflie/local_setup.sh
[0.622s] -- Up-to-date: /home/gowtham/crazyflie_ws/install/crazyflie/share/crazyflie/local_setup.zsh
[0.622s] -- Up-to-date: /home/gowtham/crazyflie_ws/install/crazyflie/share/crazyflie/local_setup.dsv
[0.623s] -- Installing: /home/gowtham/crazyflie_ws/install/crazyflie/share/crazyflie/package.dsv
[0.623s] -- Up-to-date: /home/gowtham/crazyflie_ws/install/crazyflie/share/ament_index/resource_index/packages/crazyflie
[0.623s] -- Up-to-date: /home/gowtham/crazyflie_ws/install/crazyflie/share/crazyflie/cmake/crazyflieConfig.cmake
[0.623s] -- Up-to-date: /home/gowtham/crazyflie_ws/install/crazyflie/share/crazyflie/cmake/crazyflieConfig-version.cmake
[0.626s] -- Up-to-date: /home/gowtham/crazyflie_ws/install/crazyflie/share/crazyflie/package.xml
[0.626s] Invoked command in '/home/gowtham/crazyflie_ws/build/crazyflie' returned '0': CMAKE_PREFIX_PATH=/home/gowtham/crazyflie_ws/install/crazyflie_interfaces:/home/gowtham/crazyflie_ws/install/crazyflie_sim:/home/gowtham/crazyflie_ws/install/crazyflie_examples:/home/gowtham/crazyflie_ws/install/crazyflie:/home/gowtham/swarm_ws/install/crazyflie_sim:/home/gowtham/swarm_ws/install/crazyflie_examples:/home/gowtham/swarm_ws/install/crazyflie:/home/gowtham/swarm_ws/install/crazyflie_interfaces:/home/gowtham/crazyflie_ws/install/swarm_navigation:/home/gowtham/crazyflie_ws/install/swarm_guidance:/home/gowtham/crazyflie_ws/install/crazyflie_py:/home/gowtham/crazyflie_ws/install/central_swarm_control:/home/gowtham/swarm_ws/install/guidance_layer:/home/gowtham/swarm_ws/install/crazyflie_py:/home/gowtham/swarm_ws/install/control_layer:/home/gowtham/swarm_ws/install/consensus_controller:/opt/ros/humble /usr/bin/cmake --install /home/gowtham/crazyflie_ws/build/crazyflie
