[0.000000] (-) TimerEvent: {}
[0.000892] (-) JobUnselected: {'identifier': 'crazyflie'}
[0.001255] (-) JobUnselected: {'identifier': 'crazyflie_examples'}
[0.001340] (-) JobUnselected: {'identifier': 'crazyflie_interfaces'}
[0.001536] (-) JobUnselected: {'identifier': 'crazyflie_py'}
[0.001639] (-) JobUnselected: {'identifier': 'crazyflie_sim'}
[0.001695] (swarm_guidance) JobQueued: {'identifier': 'swarm_guidance', 'dependencies': OrderedDict()}
[0.001749] (central_swarm_control) JobQueued: {'identifier': 'central_swarm_control', 'dependencies': OrderedDict([('crazyflie_interfaces', '/home/gowtham/crazyflie_ws/install/crazyflie_interfaces')])}
[0.001797] (swarm_navigation) JobQueued: {'identifier': 'swarm_navigation', 'dependencies': OrderedDict([('crazyflie_interfaces', '/home/gowtham/crazyflie_ws/install/crazyflie_interfaces')])}
[0.001845] (swarm_guidance) JobStarted: {'identifier': 'swarm_guidance'}
[0.016619] (central_swarm_control) JobStarted: {'identifier': 'central_swarm_control'}
[0.026486] (swarm_navigation) JobStarted: {'identifier': 'swarm_navigation'}
[0.099422] (-) TimerEvent: {}
[0.199772] (-) TimerEvent: {}
[0.300116] (-) TimerEvent: {}
[0.400473] (-) TimerEvent: {}
[0.500978] (-) TimerEvent: {}
[0.601411] (-) TimerEvent: {}
[0.701762] (-) TimerEvent: {}
[0.802085] (-) TimerEvent: {}
[0.902429] (-) TimerEvent: {}
[1.002879] (-) TimerEvent: {}
[1.103289] (-) TimerEvent: {}
[1.203651] (-) TimerEvent: {}
[1.306588] (-) TimerEvent: {}
[1.406961] (-) TimerEvent: {}
[1.507307] (-) TimerEvent: {}
[1.607670] (-) TimerEvent: {}
[1.708559] (-) TimerEvent: {}
[1.810564] (-) TimerEvent: {}
[1.910898] (-) TimerEvent: {}
[2.011242] (-) TimerEvent: {}
[2.113497] (-) TimerEvent: {}
[2.214177] (-) TimerEvent: {}
[2.315866] (-) TimerEvent: {}
[2.374409] (swarm_navigation) Command: {'cmd': ['/usr/bin/python3', '-W', 'ignore:setup.py install is deprecated', '-W', 'ignore:easy_install command is deprecated', 'setup.py', 'develop', '--editable', '--build-directory', '/home/gowtham/crazyflie_ws/build/swarm_navigation/build', '--no-deps', 'symlink_data'], 'cwd': '/home/gowtham/crazyflie_ws/build/swarm_navigation', 'env': {'GJS_DEBUG_TOPICS': 'JS ERROR;JS LOG', 'LESSOPEN': '| /usr/bin/lesspipe %s', 'VSCODE_CWD': '/home/gowtham', 'LANGUAGE': 'en_IN:en', 'USER': 'gowtham', 'VSCODE_NLS_CONFIG': '{"userLocale":"en-gb","osLocale":"en-in","resolvedLanguage":"en","defaultMessagesFile":"/usr/share/antigravity/resources/app/out/nls.messages.json","locale":"en-gb","availableLanguages":{}}', 'XDG_SESSION_TYPE': 'wayland', 'SHLVL': '1', 'LD_LIBRARY_PATH': '/home/gowtham/crazyflie_ws/install/crazyflie_interfaces/lib:/home/gowtham/swarm_ws/install/crazyflie_interfaces/lib:/opt/ros/humble/opt/rviz_ogre_vendor/lib:/opt/ros/humble/lib/x86_64-linux-gnu:/opt/ros/humble/lib', 'HOME': '/home/gowtham', 'CHROME_DESKTOP': 'antigravity.desktop', 'OLDPWD': '/home/gowtham/crazyflie_ws', 'DESKTOP_SESSION': 'ubuntu', 'VSCODE_IPC_HOOK': '/run/user/1000/vscode-aff32cd6-1.10-main.sock', 'GIO_LAUNCHED_DESKTOP_FILE': '/usr/share/applications/antigravity.desktop', 'ROS_PYTHON_VERSION': '3', 'GNOME_SHELL_SESSION_MODE': 'ubuntu', 'GTK_MODULES': 'gail:atk-bridge', 'PAGER': 'cat', 'MANAGERPID': '788', 'SYSTEMD_EXEC_PID': '922', 'IM_CONFIG_CHECK_ENV': '1', 'DBUS_SESSION_BUS_ADDRESS': 'unix:path=/run/user/1000/bus', 'ANTIGRAVITY_AGENT': '1', 'GIO_LAUNCHED_DESKTOP_FILE_PID': '13823', 'IM_CONFIG_PHASE': '1', 'WAYLAND_DISPLAY': 'wayland-0', 'COLCON_PREFIX_PATH': '/home/gowtham/swarm_ws/install', 'ROS_DISTRO': 'humble', 'LOGNAME': 'gowtham', 'JOURNAL_STREAM': '8:10783', '_': '/usr/bin/colcon', 'ROS_VERSION': '2', 'XDG_SESSION_CLASS': 'user', 'USERNAME': 'gowtham', 'TERM': 'dumb', 'GNOME_DESKTOP_SESSION_ID': 'this-is-deprecated', 'FC_FONTATIONS': '1', 'ROS_LOCALHOST_ONLY': '0', 'ANTIGRAVITY_EDITOR_APP_ROOT': '/usr/share/antigravity/resources/app', 'PATH': '/home/gowtham/.local/bin:/home/gowtham/.local/bin:/home/gowtham/.local/bin:/opt/ros/humble/bin:/home/gowtham/.local/bin:/home/gowtham/.local/bin:/usr/local/sbin:/usr/local/bin:/usr/sbin:/usr/bin:/sbin:/bin:/usr/games:/usr/local/games:/snap/bin:/snap/bin:/home/gowtham/.local/bin', 'SESSION_MANAGER': 'local/gowtham:@/tmp/.ICE-unix/888,unix/gowtham:/tmp/.ICE-unix/888', 'INVOCATION_ID': '9284bef219464951a5d586eb15436a7e', 'XDG_MENU_PREFIX': 'gnome-', 'GNOME_SETUP_DISPLAY': ':1', 'XDG_RUNTIME_DIR': '/run/user/1000', 'GDK_BACKEND': 'wayland', 'DISPLAY': ':0', 'LANG': 'en_US.UTF-8', 'XDG_CURRENT_DESKTOP': 'ubuntu:GNOME', 'XMODIFIERS': '@im=ibus', 'XDG_SESSION_DESKTOP': 'ubuntu', 'XAUTHORITY': '/run/user/1000/.mutter-Xwaylandauth.K6OKR3', 'LS_COLORS': '', 'SSH_AGENT_LAUNCHER': 'gnome-keyring', 'SSH_AUTH_SOCK': '/run/user/1000/keyring/ssh', 'AMENT_PREFIX_PATH': '/home/gowtham/crazyflie_ws/install/crazyflie_interfaces:/home/gowtham/swarm_ws/install/guidance_layer:/home/gowtham/swarm_ws/install/crazyflie_sim:/home/gowtham/swarm_ws/install/crazyflie_examples:/home/gowtham/swarm_ws/install/crazyflie_py:/home/gowtham/swarm_ws/install/crazyflie:/home/gowtham/swarm_ws/install/crazyflie_interfaces:/home/gowtham/swarm_ws/install/control_layer:/home/gowtham/swarm_ws/install/consensus_controller:/opt/ros/humble', 'SHELL': '/bin/bash', 'QT_ACCESSIBILITY': '1', 'GDMSESSION': 'ubuntu', 'LESSCLOSE': '/usr/bin/lesspipe %s %s', 'GJS_DEBUG_OUTPUT': 'stderr', 'QT_IM_MODULE': 'ibus', 'ANTIGRAVITY_TRAJECTORY_ID': 'e79b9dbf-2617-45f7-b078-c802a85a03ee', 'PWD': '/home/gowtham/crazyflie_ws/build/swarm_navigation', 'LC_ALL': 'en_US.UTF-8', 'XDG_CONFIG_DIRS': '/etc/xdg/xdg-ubuntu:/etc/xdg', 'VSCODE_CODE_CACHE_PATH': '/home/gowtham/.config/Antigravity/CachedData/15487b3041e65228cae24980a3f796c905ef582c', 'XDG_DATA_DIRS': '/usr/share/ubuntu:/usr/local/share/:/usr/share/:/var/lib/snapd/desktop', 'PYTHONPATH': '/home/gowtham/crazyflie_ws/build/swarm_navigation/prefix_override:/usr/lib/python3/dist-packages/colcon_core/task/python/colcon_distutils_commands:/home/gowtham/crazyflie_ws/install/swarm_navigation/lib/python3.10/site-packages:/home/gowtham/crazyflie_ws/install/crazyflie_interfaces/local/lib/python3.10/dist-packages:/home/gowtham/crazyflie-firmware/build:/home/gowtham/crazyflie-firmware/build:/home/gowtham/swarm_ws/install/guidance_layer/lib/python3.10/site-packages:/home/gowtham/swarm_ws/install/crazyflie_sim/local/lib/python3.10/dist-packages:/home/gowtham/swarm_ws/install/crazyflie_examples/local/lib/python3.10/dist-packages:/home/gowtham/swarm_ws/install/crazyflie_py/lib/python3.10/site-packages:/home/gowtham/swarm_ws/install/crazyflie_interfaces/local/lib/python3.10/dist-packages:/home/gowtham/swarm_ws/install/control_layer/lib/python3.10/site-packages:/home/gowtham/swarm_ws/install/consensus_controller/lib/python3.10/site-packages:/opt/ros/humble/lib/python3.10/site-packages:/opt/ros/humble/local/lib/python3.10/dist-packages', 'COLCON': '1', 'CMAKE_PREFIX_PATH': '/home/gowtham/crazyflie_ws/install/crazyflie_interfaces:/home/gowtham/swarm_ws/install/crazyflie_sim:/home/gowtham/swarm_ws/install/crazyflie_examples:/home/gowtham/swarm_ws/install/crazyflie:/home/gowtham/swarm_ws/install/crazyflie_interfaces', 'VSCODE_PID': '13823'}, 'shell': False}
[2.389902] (swarm_guidance) Command: {'cmd': ['/usr/bin/python3', '-W', 'ignore:setup.py install is deprecated', '-W', 'ignore:easy_install command is deprecated', 'setup.py', 'develop', '--editable', '--build-directory', '/home/gowtham/crazyflie_ws/build/swarm_guidance/build', '--no-deps', 'symlink_data'], 'cwd': '/home/gowtham/crazyflie_ws/build/swarm_guidance', 'env': {'GJS_DEBUG_TOPICS': 'JS ERROR;JS LOG', 'LESSOPEN': '| /usr/bin/lesspipe %s', 'VSCODE_CWD': '/home/gowtham', 'LANGUAGE': 'en_IN:en', 'USER': 'gowtham', 'VSCODE_NLS_CONFIG': '{"userLocale":"en-gb","osLocale":"en-in","resolvedLanguage":"en","defaultMessagesFile":"/usr/share/antigravity/resources/app/out/nls.messages.json","locale":"en-gb","availableLanguages":{}}', 'XDG_SESSION_TYPE': 'wayland', 'SHLVL': '1', 'LD_LIBRARY_PATH': '/home/gowtham/swarm_ws/install/crazyflie_interfaces/lib:/opt/ros/humble/opt/rviz_ogre_vendor/lib:/opt/ros/humble/lib/x86_64-linux-gnu:/opt/ros/humble/lib', 'HOME': '/home/gowtham', 'CHROME_DESKTOP': 'antigravity.desktop', 'OLDPWD': '/home/gowtham/crazyflie_ws', 'DESKTOP_SESSION': 'ubuntu', 'VSCODE_IPC_HOOK': '/run/user/1000/vscode-aff32cd6-1.10-main.sock', 'GIO_LAUNCHED_DESKTOP_FILE': '/usr/share/applications/antigravity.desktop', 'ROS_PYTHON_VERSION': '3', 'GNOME_SHELL_SESSION_MODE': 'ubuntu', 'GTK_MODULES': 'gail:atk-bridge', 'PAGER': 'cat', 'MANAGERPID': '788', 'SYSTEMD_EXEC_PID': '922', 'IM_CONFIG_CHECK_ENV': '1', 'DBUS_SESSION_BUS_ADDRESS': 'unix:path=/run/user/1000/bus', 'ANTIGRAVITY_AGENT': '1', 'GIO_LAUNCHED_DESKTOP_FILE_PID': '13823', 'IM_CONFIG_PHASE': '1', 'WAYLAND_DISPLAY': 'wayland-0', 'COLCON_PREFIX_PATH': '/home/gowtham/swarm_ws/install', 'ROS_DISTRO': 'humble', 'LOGNAME': 'gowtham', 'JOURNAL_STREAM': '8:10783', '_': '/usr/bin/colcon', 'ROS_VERSION': '2', 'XDG_SESSION_CLASS': 'user', 'USERNAME': 'gowtham', 'TERM': 'dumb', 'GNOME_DESKTOP_SESSION_ID': 'this-is-deprecated', 'FC_FONTATIONS': '1', 'ROS_LOCALHOST_ONLY': '0', 'ANTIGRAVITY_EDITOR_APP_ROOT': '/usr/share/antigravity/resources/app', 'PATH': '/home/gowtham/.local/bin:/home/gowtham/.local/bin:/home/gowtham/.local/bin:/opt/ros/humble/bin:/home/gowtham/.local/bin:/home/gowtham/.local/bin:/usr/local/sbin:/usr/local/bin:/usr/sbin:/usr/bin:/sbin:/bin:/usr/games:/usr/local/games:/snap/bin:/snap/bin:/home/gowtham/.local/bin', 'SESSION_MANAGER': 'local/gowtham:@/tmp/.ICE-unix/888,unix/gowtham:/tmp/.ICE-unix/888', 'INVOCATION_ID': '9284bef219464951a5d586eb15436a7e', 'XDG_MENU_PREFIX': 'gnome-', 'GNOME_SETUP_DISPLAY': ':1', 'XDG_RUNTIME_DIR': '/run/user/1000', 'GDK_BACKEND': 'wayland', 'DISPLAY': ':0', 'LANG': 'en_US.UTF-8', 'XDG_CURRENT_DESKTOP': 'ubuntu:GNOME', 'XMODIFIERS': '@im=ibus', 'XDG_SESSION_DESKTOP': 'ubuntu', 'XAUTHORITY': '/run/user/1000/.mutter-Xwaylandauth.K6OKR3', 'LS_COLORS': '', 'SSH_AGENT_LAUNCHER': 'gnome-keyring', 'SSH_AUTH_SOCK': '/run/user/1000/keyring/ssh', 'AMENT_PREFIX_PATH': '/home/gowtham/swarm_ws/install/guidance_layer:/home/gowtham/swarm_ws/install/crazyflie_sim:/home/gowtham/swarm_ws/install/crazyflie_examples:/home/gowtham/swarm_ws/install/crazyflie_py:/home/gowtham/swarm_ws/install/crazyflie:/home/gowtham/swarm_ws/install/crazyflie_interfaces:/home/gowtham/swarm_ws/install/control_layer:/home/gowtham/swarm_ws/install/consensus_controller:/opt/ros/humble', 'SHELL': '/bin/bash', 'QT_ACCESSIBILITY': '1', 'GDMSESSION': 'ubuntu', 'LESSCLOSE': '/usr/bin/lesspipe %s %s', 'GJS_DEBUG_OUTPUT': 'stderr', 'QT_IM_MODULE': 'ibus', 'ANTIGRAVITY_TRAJECTORY_ID': 'e79b9dbf-2617-45f7-b078-c802a85a03ee', 'PWD': '/home/gowtham/crazyflie_ws/build/swarm_guidance', 'LC_ALL': 'en_US.UTF-8', 'XDG_CONFIG_DIRS': '/etc/xdg/xdg-ubuntu:/etc/xdg', 'VSCODE_CODE_CACHE_PATH': '/home/gowtham/.config/Antigravity/CachedData/15487b3041e65228cae24980a3f796c905ef582c', 'XDG_DATA_DIRS': '/usr/share/ubuntu:/usr/local/share/:/usr/share/:/var/lib/snapd/desktop', 'PYTHONPATH': '/home/gowtham/crazyflie_ws/build/swarm_guidance/prefix_override:/usr/lib/python3/dist-packages/colcon_core/task/python/colcon_distutils_commands:/home/gowtham/crazyflie_ws/install/swarm_guidance/lib/python3.10/site-packages:/home/gowtham/crazyflie-firmware/build:/home/gowtham/crazyflie-firmware/build:/home/gowtham/swarm_ws/install/guidance_layer/lib/python3.10/site-packages:/home/gowtham/swarm_ws/install/crazyflie_sim/local/lib/python3.10/dist-packages:/home/gowtham/swarm_ws/install/crazyflie_examples/local/lib/python3.10/dist-packages:/home/gowtham/swarm_ws/install/crazyflie_py/lib/python3.10/site-packages:/home/gowtham/swarm_ws/install/crazyflie_interfaces/local/lib/python3.10/dist-packages:/home/gowtham/swarm_ws/install/control_layer/lib/python3.10/site-packages:/home/gowtham/swarm_ws/install/consensus_controller/lib/python3.10/site-packages:/opt/ros/humble/lib/python3.10/site-packages:/opt/ros/humble/local/lib/python3.10/dist-packages', 'COLCON': '1', 'CMAKE_PREFIX_PATH': '/home/gowtham/swarm_ws/install/crazyflie_sim:/home/gowtham/swarm_ws/install/crazyflie_examples:/home/gowtham/swarm_ws/install/crazyflie:/home/gowtham/swarm_ws/install/crazyflie_interfaces', 'VSCODE_PID': '13823'}, 'shell': False}
[2.397423] (central_swarm_control) Command: {'cmd': ['/usr/bin/python3', '-W', 'ignore:setup.py install is deprecated', '-W', 'ignore:easy_install command is deprecated', 'setup.py', 'develop', '--editable', '--build-directory', '/home/gowtham/crazyflie_ws/build/central_swarm_control/build', '--no-deps', 'symlink_data'], 'cwd': '/home/gowtham/crazyflie_ws/build/central_swarm_control', 'env': {'GJS_DEBUG_TOPICS': 'JS ERROR;JS LOG', 'LESSOPEN': '| /usr/bin/lesspipe %s', 'VSCODE_CWD': '/home/gowtham', 'LANGUAGE': 'en_IN:en', 'USER': 'gowtham', 'VSCODE_NLS_CONFIG': '{"userLocale":"en-gb","osLocale":"en-in","resolvedLanguage":"en","defaultMessagesFile":"/usr/share/antigravity/resources/app/out/nls.messages.json","locale":"en-gb","availableLanguages":{}}', 'XDG_SESSION_TYPE': 'wayland', 'SHLVL': '1', 'LD_LIBRARY_PATH': '/home/gowtham/crazyflie_ws/install/crazyflie_interfaces/lib:/home/gowtham/swarm_ws/install/crazyflie_interfaces/lib:/opt/ros/humble/opt/rviz_ogre_vendor/lib:/opt/ros/humble/lib/x86_64-linux-gnu:/opt/ros/humble/lib', 'HOME': '/home/gowtham', 'CHROME_DESKTOP': 'antigravity.desktop', 'OLDPWD': '/home/gowtham/crazyflie_ws', 'DESKTOP_SESSION': 'ubuntu', 'VSCODE_IPC_HOOK': '/run/user/1000/vscode-aff32cd6-1.10-main.sock', 'GIO_LAUNCHED_DESKTOP_FILE': '/usr/share/applications/antigravity.desktop', 'ROS_PYTHON_VERSION': '3', 'GNOME_SHELL_SESSION_MODE': 'ubuntu', 'GTK_MODULES': 'gail:atk-bridge', 'PAGER': 'cat', 'MANAGERPID': '788', 'SYSTEMD_EXEC_PID': '922', 'IM_CONFIG_CHECK_ENV': '1', 'DBUS_SESSION_BUS_ADDRESS': 'unix:path=/run/user/1000/bus', 'ANTIGRAVITY_AGENT': '1', 'GIO_LAUNCHED_DESKTOP_FILE_PID': '13823', 'IM_CONFIG_PHASE': '1', 'WAYLAND_DISPLAY': 'wayland-0', 'COLCON_PREFIX_PATH': '/home/gowtham/swarm_ws/install', 'ROS_DISTRO': 'humble', 'LOGNAME': 'gowtham', 'JOURNAL_STREAM': '8:10783', '_': '/usr/bin/colcon', 'ROS_VERSION': '2', 'XDG_SESSION_CLASS': 'user', 'USERNAME': 'gowtham', 'TERM': 'dumb', 'GNOME_DESKTOP_SESSION_ID': 'this-is-deprecated', 'FC_FONTATIONS': '1', 'ROS_LOCALHOST_ONLY': '0', 'ANTIGRAVITY_EDITOR_APP_ROOT': '/usr/share/antigravity/resources/app', 'PATH': '/home/gowtham/.local/bin:/home/gowtham/.local/bin:/home/gowtham/.local/bin:/opt/ros/humble/bin:/home/gowtham/.local/bin:/home/gowtham/.local/bin:/usr/local/sbin:/usr/local/bin:/usr/sbin:/usr/bin:/sbin:/bin:/usr/games:/usr/local/games:/snap/bin:/snap/bin:/home/gowtham/.local/bin', 'SESSION_MANAGER': 'local/gowtham:@/tmp/.ICE-unix/888,unix/gowtham:/tmp/.ICE-unix/888', 'INVOCATION_ID': '9284bef219464951a5d586eb15436a7e', 'XDG_MENU_PREFIX': 'gnome-', 'GNOME_SETUP_DISPLAY': ':1', 'XDG_RUNTIME_DIR': '/run/user/1000', 'GDK_BACKEND': 'wayland', 'DISPLAY': ':0', 'LANG': 'en_US.UTF-8', 'XDG_CURRENT_DESKTOP': 'ubuntu:GNOME', 'XMODIFIERS': '@im=ibus', 'XDG_SESSION_DESKTOP': 'ubuntu', 'XAUTHORITY': '/run/user/1000/.mutter-Xwaylandauth.K6OKR3', 'LS_COLORS': '', 'SSH_AGENT_LAUNCHER': 'gnome-keyring', 'SSH_AUTH_SOCK': '/run/user/1000/keyring/ssh', 'AMENT_PREFIX_PATH': '/home/gowtham/crazyflie_ws/install/crazyflie_interfaces:/home/gowtham/swarm_ws/install/guidance_layer:/home/gowtham/swarm_ws/install/crazyflie_sim:/home/gowtham/swarm_ws/install/crazyflie_examples:/home/gowtham/swarm_ws/install/crazyflie_py:/home/gowtham/swarm_ws/install/crazyflie:/home/gowtham/swarm_ws/install/crazyflie_interfaces:/home/gowtham/swarm_ws/install/control_layer:/home/gowtham/swarm_ws/install/consensus_controller:/opt/ros/humble', 'SHELL': '/bin/bash', 'QT_ACCESSIBILITY': '1', 'GDMSESSION': 'ubuntu', 'LESSCLOSE': '/usr/bin/lesspipe %s %s', 'GJS_DEBUG_OUTPUT': 'stderr', 'QT_IM_MODULE': 'ibus', 'ANTIGRAVITY_TRAJECTORY_ID': 'e79b9dbf-2617-45f7-b078-c802a85a03ee', 'PWD': '/home/gowtham/crazyflie_ws/build/central_swarm_control', 'LC_ALL': 'en_US.UTF-8', 'XDG_CONFIG_DIRS': '/etc/xdg/xdg-ubuntu:/etc/xdg', 'VSCODE_CODE_CACHE_PATH': '/home/gowtham/.config/Antigravity/CachedData/15487b3041e65228cae24980a3f796c905ef582c', 'XDG_DATA_DIRS': '/usr/share/ubuntu:/usr/local/share/:/usr/share/:/var/lib/snapd/desktop', 'PYTHONPATH': '/home/gowtham/crazyflie_ws/build/central_swarm_control/prefix_override:/usr/lib/python3/dist-packages/colcon_core/task/python/colcon_distutils_commands:/home/gowtham/crazyflie_ws/install/central_swarm_control/lib/python3.10/site-packages:/home/gowtham/crazyflie_ws/install/crazyflie_interfaces/local/lib/python3.10/dist-packages:/home/gowtham/crazyflie-firmware/build:/home/gowtham/crazyflie-firmware/build:/home/gowtham/swarm_ws/install/guidance_layer/lib/python3.10/site-packages:/home/gowtham/swarm_ws/install/crazyflie_sim/local/lib/python3.10/dist-packages:/home/gowtham/swarm_ws/install/crazyflie_examples/local/lib/python3.10/dist-packages:/home/gowtham/swarm_ws/install/crazyflie_py/lib/python3.10/site-packages:/home/gowtham/swarm_ws/install/crazyflie_interfaces/local/lib/python3.10/dist-packages:/home/gowtham/swarm_ws/install/control_layer/lib/python3.10/site-packages:/home/gowtham/swarm_ws/install/consensus_controller/lib/python3.10/site-packages:/opt/ros/humble/lib/python3.10/site-packages:/opt/ros/humble/local/lib/python3.10/dist-packages', 'COLCON': '1', 'CMAKE_PREFIX_PATH': '/home/gowtham/crazyflie_ws/install/crazyflie_interfaces:/home/gowtham/swarm_ws/install/crazyflie_sim:/home/gowtham/swarm_ws/install/crazyflie_examples:/home/gowtham/swarm_ws/install/crazyflie:/home/gowtham/swarm_ws/install/crazyflie_interfaces', 'VSCODE_PID': '13823'}, 'shell': False}
[2.415942] (-) TimerEvent: {}
[2.516911] (-) TimerEvent: {}
[2.618644] (-) TimerEvent: {}
[2.718975] (-) TimerEvent: {}
[2.819450] (-) TimerEvent: {}
[2.919820] (-) TimerEvent: {}
[2.951598] (swarm_navigation) StdoutLine: {'line': b'running develop\n'}
[3.001022] (central_swarm_control) StdoutLine: {'line': b'running develop\n'}
[3.002023] (swarm_guidance) StdoutLine: {'line': b'running develop\n'}
[3.020074] (-) TimerEvent: {}
[3.120413] (-) TimerEvent: {}
[3.221392] (-) TimerEvent: {}
[3.321755] (-) TimerEvent: {}
[3.395098] (swarm_navigation) StdoutLine: {'line': b'running egg_info\n'}
[3.397086] (swarm_navigation) StdoutLine: {'line': b'writing swarm_navigation.egg-info/PKG-INFO\n'}
[3.398111] (swarm_navigation) StdoutLine: {'line': b'writing dependency_links to swarm_navigation.egg-info/dependency_links.txt\n'}
[3.399412] (swarm_navigation) StdoutLine: {'line': b'writing entry points to swarm_navigation.egg-info/entry_points.txt\n'}
[3.400963] (swarm_navigation) StdoutLine: {'line': b'writing requirements to swarm_navigation.egg-info/requires.txt\n'}
[3.401617] (swarm_navigation) StdoutLine: {'line': b'writing top-level names to swarm_navigation.egg-info/top_level.txt\n'}
[3.406823] (swarm_navigation) StdoutLine: {'line': b"reading manifest file 'swarm_navigation.egg-info/SOURCES.txt'\n"}
[3.409588] (swarm_navigation) StdoutLine: {'line': b"writing manifest file 'swarm_navigation.egg-info/SOURCES.txt'\n"}
[3.413794] (swarm_navigation) StdoutLine: {'line': b'running build_ext\n'}
[3.415073] (swarm_navigation) StdoutLine: {'line': b'Creating /home/gowtham/crazyflie_ws/install/swarm_navigation/lib/python3.10/site-packages/swarm-navigation.egg-link (link to .)\n'}
[3.418403] (swarm_navigation) StdoutLine: {'line': b'Installing navigation_node script to /home/gowtham/crazyflie_ws/install/swarm_navigation/lib/swarm_navigation\n'}
[3.419828] (swarm_navigation) StdoutLine: {'line': b'\n'}
[3.420051] (swarm_navigation) StdoutLine: {'line': b'Installed /home/gowtham/crazyflie_ws/build/swarm_navigation\n'}
[3.422083] (swarm_navigation) StdoutLine: {'line': b'running symlink_data\n'}
[3.422350] (-) TimerEvent: {}
[3.422582] (central_swarm_control) StdoutLine: {'line': b'running egg_info\n'}
[3.422760] (central_swarm_control) StdoutLine: {'line': b'writing central_swarm_control.egg-info/PKG-INFO\n'}
[3.423112] (central_swarm_control) StdoutLine: {'line': b'writing dependency_links to central_swarm_control.egg-info/dependency_links.txt\n'}
[3.423314] (central_swarm_control) StdoutLine: {'line': b'writing entry points to central_swarm_control.egg-info/entry_points.txt\n'}
[3.423465] (central_swarm_control) StdoutLine: {'line': b'writing requirements to central_swarm_control.egg-info/requires.txt\n'}
[3.425597] (central_swarm_control) StdoutLine: {'line': b'writing top-level names to central_swarm_control.egg-info/top_level.txt\n'}
[3.431562] (central_swarm_control) StdoutLine: {'line': b"reading manifest file 'central_swarm_control.egg-info/SOURCES.txt'\n"}
[3.431805] (central_swarm_control) StdoutLine: {'line': b"writing manifest file 'central_swarm_control.egg-info/SOURCES.txt'\n"}
[3.436580] (central_swarm_control) StdoutLine: {'line': b'running build_ext\n'}
[3.437468] (central_swarm_control) StdoutLine: {'line': b'Creating /home/gowtham/crazyflie_ws/install/central_swarm_control/lib/python3.10/site-packages/central-swarm-control.egg-link (link to .)\n'}
[3.438666] (central_swarm_control) StdoutLine: {'line': b'Installing control_node script to /home/gowtham/crazyflie_ws/install/central_swarm_control/lib/central_swarm_control\n'}
[3.440619] (central_swarm_control) StdoutLine: {'line': b'\n'}
[3.440901] (central_swarm_control) StdoutLine: {'line': b'Installed /home/gowtham/crazyflie_ws/build/central_swarm_control\n'}
[3.441044] (central_swarm_control) StdoutLine: {'line': b'running symlink_data\n'}
[3.452842] (swarm_guidance) StdoutLine: {'line': b'running egg_info\n'}
[3.460191] (swarm_guidance) StdoutLine: {'line': b'writing swarm_guidance.egg-info/PKG-INFO\n'}
[3.460343] (swarm_guidance) StdoutLine: {'line': b'writing dependency_links to swarm_guidance.egg-info/dependency_links.txt\n'}
[3.460460] (swarm_guidance) StdoutLine: {'line': b'writing entry points to swarm_guidance.egg-info/entry_points.txt\n'}
[3.460603] (swarm_guidance) StdoutLine: {'line': b'writing requirements to swarm_guidance.egg-info/requires.txt\n'}
[3.460728] (swarm_guidance) StdoutLine: {'line': b'writing top-level names to swarm_guidance.egg-info/top_level.txt\n'}
[3.460858] (swarm_guidance) StdoutLine: {'line': b"reading manifest file 'swarm_guidance.egg-info/SOURCES.txt'\n"}
[3.460966] (swarm_guidance) StdoutLine: {'line': b"writing manifest file 'swarm_guidance.egg-info/SOURCES.txt'\n"}
[3.464443] (swarm_guidance) StdoutLine: {'line': b'running build_ext\n'}
[3.466451] (swarm_guidance) StdoutLine: {'line': b'Creating /home/gowtham/crazyflie_ws/install/swarm_guidance/lib/python3.10/site-packages/swarm-guidance.egg-link (link to .)\n'}
[3.469052] (swarm_guidance) StdoutLine: {'line': b'Installing guidance_node script to /home/gowtham/crazyflie_ws/install/swarm_guidance/lib/swarm_guidance\n'}
[3.469239] (swarm_guidance) StdoutLine: {'line': b'\n'}
[3.469369] (swarm_guidance) StdoutLine: {'line': b'Installed /home/gowtham/crazyflie_ws/build/swarm_guidance\n'}
[3.469498] (swarm_guidance) StdoutLine: {'line': b'running symlink_data\n'}
[3.522505] (-) TimerEvent: {}
[3.541854] (swarm_navigation) CommandEnded: {'returncode': 0}
[3.572326] (swarm_navigation) JobEnded: {'identifier': 'swarm_navigation', 'rc': 0}
[3.575629] (central_swarm_control) CommandEnded: {'returncode': 0}
[3.586994] (central_swarm_control) JobEnded: {'identifier': 'central_swarm_control', 'rc': 0}
[3.588529] (swarm_guidance) CommandEnded: {'returncode': 0}
[3.600734] (swarm_guidance) JobEnded: {'identifier': 'swarm_guidance', 'rc': 0}
[3.601998] (-) EventReactorShutdown: {}
