[2.192s] Invoking command in '/home/gowtham/crazyflie_ws/build/central_swarm_control': PYTHONPATH=/home/gowtham/crazyflie_ws/build/central_swarm_control/prefix_override:/usr/lib/python3/dist-packages/colcon_core/task/python/colcon_distutils_commands:/home/gowtham/crazyflie_ws/install/central_swarm_control/lib/python3.10/site-packages:${PYTHONPATH} /usr/bin/python3 -W ignore:setup.py install is deprecated -W ignore:easy_install command is deprecated setup.py develop --uninstall --editable --build-directory /home/gowtham/crazyflie_ws/build/central_swarm_control/build
[2.762s] running develop
[3.162s] Removing /home/gowtham/crazyflie_ws/install/central_swarm_control/lib/python3.10/site-packages/central-swarm-control.egg-link (link to .)
[3.236s] Invoked command in '/home/gowtham/crazyflie_ws/build/central_swarm_control' returned '0': PYTHONPATH=/home/gowtham/crazyflie_ws/build/central_swarm_control/prefix_override:/usr/lib/python3/dist-packages/colcon_core/task/python/colcon_distutils_commands:/home/gowtham/crazyflie_ws/install/central_swarm_control/lib/python3.10/site-packages:${PYTHONPATH} /usr/bin/python3 -W ignore:setup.py install is deprecated -W ignore:easy_install command is deprecated setup.py develop --uninstall --editable --build-directory /home/gowtham/crazyflie_ws/build/central_swarm_control/build
[3.237s] Invoking command in '/home/gowtham/crazyflie_ws/src/central_swarm_control': PYTHONPATH=/home/gowtham/crazyflie_ws/build/central_swarm_control/prefix_override:/usr/lib/python3/dist-packages/colcon_core/task/python/colcon_distutils_commands:/home/gowtham/crazyflie_ws/install/central_swarm_control/lib/python3.10/site-packages:${PYTHONPATH} /usr/bin/python3 -W ignore:setup.py install is deprecated -W ignore:easy_install command is deprecated setup.py egg_info --egg-base ../../build/central_swarm_control build --build-base /home/gowtham/crazyflie_ws/build/central_swarm_control/build install --record /home/gowtham/crazyflie_ws/build/central_swarm_control/install.log --single-version-externally-managed install_data --force
[3.863s] running egg_info
[3.866s] writing ../../build/central_swarm_control/central_swarm_control.egg-info/PKG-INFO
[3.866s] writing dependency_links to ../../build/central_swarm_control/central_swarm_control.egg-info/dependency_links.txt
[3.866s] writing entry points to ../../build/central_swarm_control/central_swarm_control.egg-info/entry_points.txt
[3.867s] writing requirements to ../../build/central_swarm_control/central_swarm_control.egg-info/requires.txt
[3.867s] writing top-level names to ../../build/central_swarm_control/central_swarm_control.egg-info/top_level.txt
[3.872s] reading manifest file '../../build/central_swarm_control/central_swarm_control.egg-info/SOURCES.txt'
[3.874s] writing manifest file '../../build/central_swarm_control/central_swarm_control.egg-info/SOURCES.txt'
[3.875s] running build
[3.876s] running build_py
[3.876s] creating /home/gowtham/crazyflie_ws/build/central_swarm_control/build
[3.876s] creating /home/gowtham/crazyflie_ws/build/central_swarm_control/build/lib
[3.876s] creating /home/gowtham/crazyflie_ws/build/central_swarm_control/build/lib/central_swarm_control
[3.877s] copying central_swarm_control/__init__.py -> /home/gowtham/crazyflie_ws/build/central_swarm_control/build/lib/central_swarm_control
[3.877s] copying central_swarm_control/control_node.py -> /home/gowtham/crazyflie_ws/build/central_swarm_control/build/lib/central_swarm_control
[3.878s] running install
[3.881s] running install_lib
[3.881s] creating /home/gowtham/crazyflie_ws/install/central_swarm_control/lib/python3.10/site-packages/central_swarm_control
[3.882s] copying /home/gowtham/crazyflie_ws/build/central_swarm_control/build/lib/central_swarm_control/__init__.py -> /home/gowtham/crazyflie_ws/install/central_swarm_control/lib/python3.10/site-packages/central_swarm_control
[3.882s] copying /home/gowtham/crazyflie_ws/build/central_swarm_control/build/lib/central_swarm_control/control_node.py -> /home/gowtham/crazyflie_ws/install/central_swarm_control/lib/python3.10/site-packages/central_swarm_control
[3.884s] byte-compiling /home/gowtham/crazyflie_ws/install/central_swarm_control/lib/python3.10/site-packages/central_swarm_control/__init__.py to __init__.cpython-310.pyc
[3.884s] byte-compiling /home/gowtham/crazyflie_ws/install/central_swarm_control/lib/python3.10/site-packages/central_swarm_control/control_node.py to control_node.cpython-310.pyc
[3.888s] running install_data
[3.889s] copying resource/central_swarm_control -> /home/gowtham/crazyflie_ws/install/central_swarm_control/share/ament_index/resource_index/packages
[3.892s] copying package.xml -> /home/gowtham/crazyflie_ws/install/central_swarm_control/share/central_swarm_control
[3.893s] copying launch/physical_swarm.launch.py -> /home/gowtham/crazyflie_ws/install/central_swarm_control/share/central_swarm_control/launch
[3.893s] copying config/crazyflies.yaml -> /home/gowtham/crazyflie_ws/install/central_swarm_control/share/central_swarm_control/config
[3.897s] running install_egg_info
[3.898s] Copying ../../build/central_swarm_control/central_swarm_control.egg-info to /home/gowtham/crazyflie_ws/install/central_swarm_control/lib/python3.10/site-packages/central_swarm_control-0.0.0-py3.10.egg-info
[3.900s] running install_scripts
[3.949s] Installing control_node script to /home/gowtham/crazyflie_ws/install/central_swarm_control/lib/central_swarm_control
[3.950s] writing list of installed files to '/home/gowtham/crazyflie_ws/build/central_swarm_control/install.log'
[4.034s] Invoked command in '/home/gowtham/crazyflie_ws/src/central_swarm_control' returned '0': PYTHONPATH=/home/gowtham/crazyflie_ws/build/central_swarm_control/prefix_override:/usr/lib/python3/dist-packages/colcon_core/task/python/colcon_distutils_commands:/home/gowtham/crazyflie_ws/install/central_swarm_control/lib/python3.10/site-packages:${PYTHONPATH} /usr/bin/python3 -W ignore:setup.py install is deprecated -W ignore:easy_install command is deprecated setup.py egg_info --egg-base ../../build/central_swarm_control build --build-base /home/gowtham/crazyflie_ws/build/central_swarm_control/build install --record /home/gowtham/crazyflie_ws/build/central_swarm_control/install.log --single-version-externally-managed install_data --force
