[1.481s] Invoking command in '/home/gowtham/crazyflie_ws/src/swarm_guidance': PYTHONPATH=/home/gowtham/crazyflie_ws/build/swarm_guidance/prefix_override:/usr/lib/python3/dist-packages/colcon_core/task/python/colcon_distutils_commands:/home/gowtham/crazyflie_ws/install/swarm_guidance/lib/python3.10/site-packages:${PYTHONPATH} /usr/bin/python3 -W ignore:setup.py install is deprecated -W ignore:easy_install command is deprecated setup.py egg_info --egg-base ../../build/swarm_guidance build --build-base /home/gowtham/crazyflie_ws/build/swarm_guidance/build install --record /home/gowtham/crazyflie_ws/build/swarm_guidance/install.log --single-version-externally-managed install_data
[2.043s] running egg_info
[2.043s] writing ../../build/swarm_guidance/swarm_guidance.egg-info/PKG-INFO
[2.044s] writing dependency_links to ../../build/swarm_guidance/swarm_guidance.egg-info/dependency_links.txt
[2.044s] writing entry points to ../../build/swarm_guidance/swarm_guidance.egg-info/entry_points.txt
[2.044s] writing requirements to ../../build/swarm_guidance/swarm_guidance.egg-info/requires.txt
[2.044s] writing top-level names to ../../build/swarm_guidance/swarm_guidance.egg-info/top_level.txt
[2.047s] reading manifest file '../../build/swarm_guidance/swarm_guidance.egg-info/SOURCES.txt'
[2.049s] writing manifest file '../../build/swarm_guidance/swarm_guidance.egg-info/SOURCES.txt'
[2.049s] running build
[2.049s] running build_py
[2.050s] copying swarm_guidance/guidance_node.py -> /home/gowtham/crazyflie_ws/build/swarm_guidance/build/lib/swarm_guidance
[2.051s] running install
[2.051s] running install_lib
[2.053s] copying /home/gowtham/crazyflie_ws/build/swarm_guidance/build/lib/swarm_guidance/guidance_node.py -> /home/gowtham/crazyflie_ws/install/swarm_guidance/lib/python3.10/site-packages/swarm_guidance
[2.054s] byte-compiling /home/gowtham/crazyflie_ws/install/swarm_guidance/lib/python3.10/site-packages/swarm_guidance/guidance_node.py to guidance_node.cpython-310.pyc
[2.058s] running install_data
[2.058s] running install_egg_info
[2.061s] removing '/home/gowtham/crazyflie_ws/install/swarm_guidance/lib/python3.10/site-packages/swarm_guidance-0.0.0-py3.10.egg-info' (and everything under it)
[2.062s] Copying ../../build/swarm_guidance/swarm_guidance.egg-info to /home/gowtham/crazyflie_ws/install/swarm_guidance/lib/python3.10/site-packages/swarm_guidance-0.0.0-py3.10.egg-info
[2.064s] running install_scripts
[2.093s] Installing guidance_node script to /home/gowtham/crazyflie_ws/install/swarm_guidance/lib/swarm_guidance
[2.093s] writing list of installed files to '/home/gowtham/crazyflie_ws/build/swarm_guidance/install.log'
[2.144s] Invoked command in '/home/gowtham/crazyflie_ws/src/swarm_guidance' returned '0': PYTHONPATH=/home/gowtham/crazyflie_ws/build/swarm_guidance/prefix_override:/usr/lib/python3/dist-packages/colcon_core/task/python/colcon_distutils_commands:/home/gowtham/crazyflie_ws/install/swarm_guidance/lib/python3.10/site-packages:${PYTHONPATH} /usr/bin/python3 -W ignore:setup.py install is deprecated -W ignore:easy_install command is deprecated setup.py egg_info --egg-base ../../build/swarm_guidance build --build-base /home/gowtham/crazyflie_ws/build/swarm_guidance/build install --record /home/gowtham/crazyflie_ws/build/swarm_guidance/install.log --single-version-externally-managed install_data
