[2.179s] Invoking command in '/home/gowtham/crazyflie_ws/build/swarm_guidance': PYTHONPATH=/home/gowtham/crazyflie_ws/build/swarm_guidance/prefix_override:/usr/lib/python3/dist-packages/colcon_core/task/python/colcon_distutils_commands:/home/gowtham/crazyflie_ws/install/swarm_guidance/lib/python3.10/site-packages:${PYTHONPATH} /usr/bin/python3 -W ignore:setup.py install is deprecated -W ignore:easy_install command is deprecated setup.py develop --editable --build-directory /home/gowtham/crazyflie_ws/build/swarm_guidance/build --no-deps symlink_data
[2.774s] running develop
[3.165s] running egg_info
[3.165s] creating swarm_guidance.egg-info
[3.166s] writing swarm_guidance.egg-info/PKG-INFO
[3.166s] writing dependency_links to swarm_guidance.egg-info/dependency_links.txt
[3.166s] writing entry points to swarm_guidance.egg-info/entry_points.txt
[3.168s] writing requirements to swarm_guidance.egg-info/requires.txt
[3.168s] writing top-level names to swarm_guidance.egg-info/top_level.txt
[3.168s] writing manifest file 'swarm_guidance.egg-info/SOURCES.txt'
[3.172s] reading manifest file 'swarm_guidance.egg-info/SOURCES.txt'
[3.173s] writing manifest file 'swarm_guidance.egg-info/SOURCES.txt'
[3.177s] running build_ext
[3.177s] Creating /home/gowtham/crazyflie_ws/install/swarm_guidance/lib/python3.10/site-packages/swarm-guidance.egg-link (link to .)
[3.178s] Installing guidance_node script to /home/gowtham/crazyflie_ws/install/swarm_guidance/lib/swarm_guidance
[3.178s] 
[3.178s] Installed /home/gowtham/crazyflie_ws/build/swarm_guidance
[3.178s] running symlink_data
[3.178s] creating /home/gowtham/crazyflie_ws/install/swarm_guidance/share/ament_index
[3.178s] creating /home/gowtham/crazyflie_ws/install/swarm_guidance/share/ament_index/resource_index
[3.178s] creating /home/gowtham/crazyflie_ws/install/swarm_guidance/share/ament_index/resource_index/packages
[3.179s] symbolically linking /home/gowtham/crazyflie_ws/build/swarm_guidance/resource/swarm_guidance -> /home/gowtham/crazyflie_ws/install/swarm_guidance/share/ament_index/resource_index/packages
[3.179s] symbolically linking /home/gowtham/crazyflie_ws/build/swarm_guidance/package.xml -> /home/gowtham/crazyflie_ws/install/swarm_guidance/share/swarm_guidance
[3.255s] Invoked command in '/home/gowtham/crazyflie_ws/build/swarm_guidance' returned '0': PYTHONPATH=/home/gowtham/crazyflie_ws/build/swarm_guidance/prefix_override:/usr/lib/python3/dist-packages/colcon_core/task/python/colcon_distutils_commands:/home/gowtham/crazyflie_ws/install/swarm_guidance/lib/python3.10/site-packages:${PYTHONPATH} /usr/bin/python3 -W ignore:setup.py install is deprecated -W ignore:easy_install command is deprecated setup.py develop --editable --build-directory /home/gowtham/crazyflie_ws/build/swarm_guidance/build --no-deps symlink_data
