[2.377s] Invoking command in '/home/gowtham/crazyflie_ws/src/swarm_navigation': PYTHONPATH=/home/gowtham/crazyflie_ws/build/swarm_navigation/prefix_override:/usr/lib/python3/dist-packages/colcon_core/task/python/colcon_distutils_commands:/home/gowtham/crazyflie_ws/install/swarm_navigation/lib/python3.10/site-packages:${PYTHONPATH} /usr/bin/python3 -W ignore:setup.py install is deprecated -W ignore:easy_install command is deprecated setup.py egg_info --egg-base ../../build/swarm_navigation build --build-base /home/gowtham/crazyflie_ws/build/swarm_navigation/build install --record /home/gowtham/crazyflie_ws/build/swarm_navigation/install.log --single-version-externally-managed install_data
[3.198s] running egg_info
[3.199s] writing ../../build/swarm_navigation/swarm_navigation.egg-info/PKG-INFO
[3.201s] writing dependency_links to ../../build/swarm_navigation/swarm_navigation.egg-info/dependency_links.txt
[3.201s] writing entry points to ../../build/swarm_navigation/swarm_navigation.egg-info/entry_points.txt
[3.202s] writing requirements to ../../build/swarm_navigation/swarm_navigation.egg-info/requires.txt
[3.202s] writing top-level names to ../../build/swarm_navigation/swarm_navigation.egg-info/top_level.txt
[3.205s] reading manifest file '../../build/swarm_navigation/swarm_navigation.egg-info/SOURCES.txt'
[3.207s] writing manifest file '../../build/swarm_navigation/swarm_navigation.egg-info/SOURCES.txt'
[3.208s] running build
[3.209s] running build_py
[3.209s] copying swarm_navigation/navigation_node.py -> /home/gowtham/crazyflie_ws/build/swarm_navigation/build/lib/swarm_navigation
[3.209s] running install
[3.209s] running install_lib
[3.212s] copying /home/gowtham/crazyflie_ws/build/swarm_navigation/build/lib/swarm_navigation/navigation_node.py -> /home/gowtham/crazyflie_ws/install/swarm_navigation/lib/python3.10/site-packages/swarm_navigation
[3.215s] byte-compiling /home/gowtham/crazyflie_ws/install/swarm_navigation/lib/python3.10/site-packages/swarm_navigation/navigation_node.py to navigation_node.cpython-310.pyc
[3.217s] running install_data
[3.217s] running install_egg_info
[3.221s] removing '/home/gowtham/crazyflie_ws/install/swarm_navigation/lib/python3.10/site-packages/swarm_navigation-0.0.0-py3.10.egg-info' (and everything under it)
[3.223s] Copying ../../build/swarm_navigation/swarm_navigation.egg-info to /home/gowtham/crazyflie_ws/install/swarm_navigation/lib/python3.10/site-packages/swarm_navigation-0.0.0-py3.10.egg-info
[3.229s] running install_scripts
[3.291s] Installing navigation_node script to /home/gowtham/crazyflie_ws/install/swarm_navigation/lib/swarm_navigation
[3.294s] writing list of installed files to '/home/gowtham/crazyflie_ws/build/swarm_navigation/install.log'
[3.378s] Invoked command in '/home/gowtham/crazyflie_ws/src/swarm_navigation' returned '0': PYTHONPATH=/home/gowtham/crazyflie_ws/build/swarm_navigation/prefix_override:/usr/lib/python3/dist-packages/colcon_core/task/python/colcon_distutils_commands:/home/gowtham/crazyflie_ws/install/swarm_navigation/lib/python3.10/site-packages:${PYTHONPATH} /usr/bin/python3 -W ignore:setup.py install is deprecated -W ignore:easy_install command is deprecated setup.py egg_info --egg-base ../../build/swarm_navigation build --build-base /home/gowtham/crazyflie_ws/build/swarm_navigation/build install --record /home/gowtham/crazyflie_ws/build/swarm_navigation/install.log --single-version-externally-managed install_data
