[2.244s] Invoking command in '/home/gowtham/crazyflie_ws/build/central_swarm_control': PYTHONPATH=/home/gowtham/crazyflie_ws/build/central_swarm_control/prefix_override:/usr/lib/python3/dist-packages/colcon_core/task/python/colcon_distutils_commands:/home/gowtham/crazyflie_ws/install/central_swarm_control/lib/python3.10/site-packages:${PYTHONPATH} /usr/bin/python3 -W ignore:setup.py install is deprecated -W ignore:easy_install command is deprecated setup.py develop --editable --build-directory /home/gowtham/crazyflie_ws/build/central_swarm_control/build --no-deps symlink_data --force
[3.021s] running develop
[3.522s] running egg_info
[3.522s] writing central_swarm_control.egg-info/PKG-INFO
[3.523s] writing dependency_links to central_swarm_control.egg-info/dependency_links.txt
[3.523s] writing entry points to central_swarm_control.egg-info/entry_points.txt
[3.523s] writing requirements to central_swarm_control.egg-info/requires.txt
[3.524s] writing top-level names to central_swarm_control.egg-info/top_level.txt
[3.529s] reading manifest file 'central_swarm_control.egg-info/SOURCES.txt'
[3.531s] writing manifest file 'central_swarm_control.egg-info/SOURCES.txt'
[3.538s] running build_ext
[3.538s] Creating /home/gowtham/crazyflie_ws/install/central_swarm_control/lib/python3.10/site-packages/central-swarm-control.egg-link (link to .)
[3.540s] Installing control_node script to /home/gowtham/crazyflie_ws/install/central_swarm_control/lib/central_swarm_control
[3.541s] 
[3.541s] Installed /home/gowtham/crazyflie_ws/build/central_swarm_control
[3.541s] running symlink_data
[3.541s] symbolically linking /home/gowtham/crazyflie_ws/build/central_swarm_control/resource/central_swarm_control -> /home/gowtham/crazyflie_ws/install/central_swarm_control/share/ament_index/resource_index/packages
[3.541s] symbolically linking /home/gowtham/crazyflie_ws/build/central_swarm_control/package.xml -> /home/gowtham/crazyflie_ws/install/central_swarm_control/share/central_swarm_control
[3.542s] symbolically linking /home/gowtham/crazyflie_ws/build/central_swarm_control/launch/physical_swarm.launch.py -> /home/gowtham/crazyflie_ws/install/central_swarm_control/share/central_swarm_control/launch
[3.542s] symbolically linking /home/gowtham/crazyflie_ws/build/central_swarm_control/config/crazyflies.yaml -> /home/gowtham/crazyflie_ws/install/central_swarm_control/share/central_swarm_control/config
[3.659s] Invoked command in '/home/gowtham/crazyflie_ws/build/central_swarm_control' returned '0': PYTHONPATH=/home/gowtham/crazyflie_ws/build/central_swarm_control/prefix_override:/usr/lib/python3/dist-packages/colcon_core/task/python/colcon_distutils_commands:/home/gowtham/crazyflie_ws/install/central_swarm_control/lib/python3.10/site-packages:${PYTHONPATH} /usr/bin/python3 -W ignore:setup.py install is deprecated -W ignore:easy_install command is deprecated setup.py develop --editable --build-directory /home/gowtham/crazyflie_ws/build/central_swarm_control/build --no-deps symlink_data --force
