[1.196s] Invoking command in '/home/gowtham/crazyflie_ws/src/crazyswarm2/crazyflie_py': CMAKE_PREFIX_PATH=/home/gowtham/crazyflie_ws/install/crazyflie_interfaces:/home/gowtham/crazyflie_ws/install/crazyflie_sim:/home/gowtham/crazyflie_ws/install/crazyflie_examples:/home/gowtham/crazyflie_ws/install/crazyflie:/home/gowtham/swarm_ws/install/crazyflie_sim:/home/gowtham/swarm_ws/install/crazyflie_examples:/home/gowtham/swarm_ws/install/crazyflie:/home/gowtham/swarm_ws/install/crazyflie_interfaces PYTHONPATH=/home/gowtham/crazyflie_ws/build/crazyflie_py/prefix_override:/usr/lib/python3/dist-packages/colcon_core/task/python/colcon_distutils_commands:/home/gowtham/crazyflie_ws/install/crazyflie_py/lib/python3.10/site-packages:${PYTHONPATH} /usr/bin/python3 -W ignore:setup.py install is deprecated -W ignore:easy_install command is deprecated setup.py egg_info --egg-base ../../../build/crazyflie_py build --build-base /home/gowtham/crazyflie_ws/build/crazyflie_py/build install --record /home/gowtham/crazyflie_ws/build/crazyflie_py/install.log --single-version-externally-managed install_data
[1.783s] running egg_info
[1.784s] creating ../../../build/crazyflie_py/crazyflie_py.egg-info
[1.785s] writing ../../../build/crazyflie_py/crazyflie_py.egg-info/PKG-INFO
[1.785s] writing dependency_links to ../../../build/crazyflie_py/crazyflie_py.egg-info/dependency_links.txt
[1.785s] writing entry points to ../../../build/crazyflie_py/crazyflie_py.egg-info/entry_points.txt
[1.786s] writing requirements to ../../../build/crazyflie_py/crazyflie_py.egg-info/requires.txt
[1.787s] writing top-level names to ../../../build/crazyflie_py/crazyflie_py.egg-info/top_level.txt
[1.787s] writing manifest file '../../../build/crazyflie_py/crazyflie_py.egg-info/SOURCES.txt'
[1.791s] reading manifest file '../../../build/crazyflie_py/crazyflie_py.egg-info/SOURCES.txt'
[1.794s] writing manifest file '../../../build/crazyflie_py/crazyflie_py.egg-info/SOURCES.txt'
[1.794s] running build
[1.794s] running build_py
[1.794s] creating /home/gowtham/crazyflie_ws/build/crazyflie_py/build
[1.795s] creating /home/gowtham/crazyflie_ws/build/crazyflie_py/build/lib
[1.795s] creating /home/gowtham/crazyflie_ws/build/crazyflie_py/build/lib/crazyflie_py
[1.795s] copying crazyflie_py/crazyswarm_py.py -> /home/gowtham/crazyflie_ws/build/crazyflie_py/build/lib/crazyflie_py
[1.795s] copying crazyflie_py/__init__.py -> /home/gowtham/crazyflie_ws/build/crazyflie_py/build/lib/crazyflie_py
[1.796s] copying crazyflie_py/crazyflie.py -> /home/gowtham/crazyflie_ws/build/crazyflie_py/build/lib/crazyflie_py
[1.796s] copying crazyflie_py/uav_trajectory.py -> /home/gowtham/crazyflie_ws/build/crazyflie_py/build/lib/crazyflie_py
[1.796s] copying crazyflie_py/linuxjsdev.py -> /home/gowtham/crazyflie_ws/build/crazyflie_py/build/lib/crazyflie_py
[1.797s] copying crazyflie_py/joystick.py -> /home/gowtham/crazyflie_ws/build/crazyflie_py/build/lib/crazyflie_py
[1.797s] copying crazyflie_py/keyboard.py -> /home/gowtham/crazyflie_ws/build/crazyflie_py/build/lib/crazyflie_py
[1.797s] copying crazyflie_py/util.py -> /home/gowtham/crazyflie_ws/build/crazyflie_py/build/lib/crazyflie_py
[1.798s] copying crazyflie_py/genericJoystick.py -> /home/gowtham/crazyflie_ws/build/crazyflie_py/build/lib/crazyflie_py
[1.799s] running install
[1.799s] running install_lib
[1.801s] creating /home/gowtham/crazyflie_ws/install/crazyflie_py/lib/python3.10/site-packages/crazyflie_py
[1.801s] copying /home/gowtham/crazyflie_ws/build/crazyflie_py/build/lib/crazyflie_py/crazyswarm_py.py -> /home/gowtham/crazyflie_ws/install/crazyflie_py/lib/python3.10/site-packages/crazyflie_py
[1.801s] copying /home/gowtham/crazyflie_ws/build/crazyflie_py/build/lib/crazyflie_py/__init__.py -> /home/gowtham/crazyflie_ws/install/crazyflie_py/lib/python3.10/site-packages/crazyflie_py
[1.801s] copying /home/gowtham/crazyflie_ws/build/crazyflie_py/build/lib/crazyflie_py/crazyflie.py -> /home/gowtham/crazyflie_ws/install/crazyflie_py/lib/python3.10/site-packages/crazyflie_py
[1.802s] copying /home/gowtham/crazyflie_ws/build/crazyflie_py/build/lib/crazyflie_py/uav_trajectory.py -> /home/gowtham/crazyflie_ws/install/crazyflie_py/lib/python3.10/site-packages/crazyflie_py
[1.802s] copying /home/gowtham/crazyflie_ws/build/crazyflie_py/build/lib/crazyflie_py/linuxjsdev.py -> /home/gowtham/crazyflie_ws/install/crazyflie_py/lib/python3.10/site-packages/crazyflie_py
[1.802s] copying /home/gowtham/crazyflie_ws/build/crazyflie_py/build/lib/crazyflie_py/joystick.py -> /home/gowtham/crazyflie_ws/install/crazyflie_py/lib/python3.10/site-packages/crazyflie_py
[1.802s] copying /home/gowtham/crazyflie_ws/build/crazyflie_py/build/lib/crazyflie_py/keyboard.py -> /home/gowtham/crazyflie_ws/install/crazyflie_py/lib/python3.10/site-packages/crazyflie_py
[1.802s] copying /home/gowtham/crazyflie_ws/build/crazyflie_py/build/lib/crazyflie_py/util.py -> /home/gowtham/crazyflie_ws/install/crazyflie_py/lib/python3.10/site-packages/crazyflie_py
[1.802s] copying /home/gowtham/crazyflie_ws/build/crazyflie_py/build/lib/crazyflie_py/genericJoystick.py -> /home/gowtham/crazyflie_ws/install/crazyflie_py/lib/python3.10/site-packages/crazyflie_py
[1.804s] byte-compiling /home/gowtham/crazyflie_ws/install/crazyflie_py/lib/python3.10/site-packages/crazyflie_py/crazyswarm_py.py to crazyswarm_py.cpython-310.pyc
[1.804s] byte-compiling /home/gowtham/crazyflie_ws/install/crazyflie_py/lib/python3.10/site-packages/crazyflie_py/__init__.py to __init__.cpython-310.pyc
[1.805s] byte-compiling /home/gowtham/crazyflie_ws/install/crazyflie_py/lib/python3.10/site-packages/crazyflie_py/crazyflie.py to crazyflie.cpython-310.pyc
[1.815s] byte-compiling /home/gowtham/crazyflie_ws/install/crazyflie_py/lib/python3.10/site-packages/crazyflie_py/uav_trajectory.py to uav_trajectory.cpython-310.pyc
[1.816s] byte-compiling /home/gowtham/crazyflie_ws/install/crazyflie_py/lib/python3.10/site-packages/crazyflie_py/linuxjsdev.py to linuxjsdev.cpython-310.pyc
[1.817s] byte-compiling /home/gowtham/crazyflie_ws/install/crazyflie_py/lib/python3.10/site-packages/crazyflie_py/joystick.py to joystick.cpython-310.pyc
[1.818s] byte-compiling /home/gowtham/crazyflie_ws/install/crazyflie_py/lib/python3.10/site-packages/crazyflie_py/keyboard.py to keyboard.cpython-310.pyc
[1.819s] byte-compiling /home/gowtham/crazyflie_ws/install/crazyflie_py/lib/python3.10/site-packages/crazyflie_py/util.py to util.cpython-310.pyc
[1.820s] byte-compiling /home/gowtham/crazyflie_ws/install/crazyflie_py/lib/python3.10/site-packages/crazyflie_py/genericJoystick.py to genericJoystick.cpython-310.pyc
[1.821s] running install_data
[1.821s] creating /home/gowtham/crazyflie_ws/install/crazyflie_py/share/ament_index
[1.821s] creating /home/gowtham/crazyflie_ws/install/crazyflie_py/share/ament_index/resource_index
[1.821s] creating /home/gowtham/crazyflie_ws/install/crazyflie_py/share/ament_index/resource_index/packages
[1.822s] copying resource/crazyflie_py -> /home/gowtham/crazyflie_ws/install/crazyflie_py/share/ament_index/resource_index/packages
[1.822s] copying package.xml -> /home/gowtham/crazyflie_ws/install/crazyflie_py/share/crazyflie_py
[1.822s] running install_egg_info
[1.828s] Copying ../../../build/crazyflie_py/crazyflie_py.egg-info to /home/gowtham/crazyflie_ws/install/crazyflie_py/lib/python3.10/site-packages/crazyflie_py-1.0.3-py3.10.egg-info
[1.828s] running install_scripts
[1.868s] writing list of installed files to '/home/gowtham/crazyflie_ws/build/crazyflie_py/install.log'
[1.922s] Invoked command in '/home/gowtham/crazyflie_ws/src/crazyswarm2/crazyflie_py' returned '0': CMAKE_PREFIX_PATH=/home/gowtham/crazyflie_ws/install/crazyflie_interfaces:/home/gowtham/crazyflie_ws/install/crazyflie_sim:/home/gowtham/crazyflie_ws/install/crazyflie_examples:/home/gowtham/crazyflie_ws/install/crazyflie:/home/gowtham/swarm_ws/install/crazyflie_sim:/home/gowtham/swarm_ws/install/crazyflie_examples:/home/gowtham/swarm_ws/install/crazyflie:/home/gowtham/swarm_ws/install/crazyflie_interfaces PYTHONPATH=/home/gowtham/crazyflie_ws/build/crazyflie_py/prefix_override:/usr/lib/python3/dist-packages/colcon_core/task/python/colcon_distutils_commands:/home/gowtham/crazyflie_ws/install/crazyflie_py/lib/python3.10/site-packages:${PYTHONPATH} /usr/bin/python3 -W ignore:setup.py install is deprecated -W ignore:easy_install command is deprecated setup.py egg_info --egg-base ../../../build/crazyflie_py build --build-base /home/gowtham/crazyflie_ws/build/crazyflie_py/build install --record /home/gowtham/crazyflie_ws/build/crazyflie_py/install.log --single-version-externally-managed install_data
